jynx                                                                                                                    [0m
                  [38;2;0;0;0mâ–„â–„[38;2;0;0;0;48;2;255;250;179mâ–€[0m[38;2;0;0;0;48;2;255;250;179mâ–€[0m[38;2;0;0;0mâ–„â–„  â–„â–„â–„               [0m                                                                            [0m
[0m[38;2;0;0;0m                â–„[0m[38;2;0;0;0;48;2;255;255;255mâ–€[0m[38;2;255;250;179;48;2;255;248;179mâ–€[0m[38;2;255;250;179;48;2;255;250;179mâ–€â–€â–€[0m[38;2;255;250;179;48;2;202;179;147mâ–€[0m[38;2;205;178;147;48;2;202;179;147mâ–€[0m                                                                                                [0m
                                                                                                                        [0m
                                                                                                                        [0m
                                                                                                                        [0m
                                                                                                                        [0m
                                                                                                                        [0m
                                                                                                                        [0m
                                                                                                                        [0m
                                                                                                                        [0m
                                                                                                                        [0m
                                                                                                                        [0m
                                                                                                                        [0m
                                                                                                                        [0m
                                                                                                                        [0m
                                                                                                                        [0m
                                                                                                                        [0m
                                                                                                                        [0m
                                                                                                                        [0m
                                                                                                                        [0m
                                                                                                                        [0m
                                                                                                                        [0m
                                                                                                                        [0m