jynx                                                                                                                    [0m
                  [38;2;0;0;0mâ–„â–„[38;2;0;0;0;48;2;255;250;179mâ–€[0m[38;2;0;0;0;48;2;255;250;179mâ–€[0m[38;2;0;0;0mâ–„â–„  â–„â–„â–„               [0m                                                                            [0m
[0m[38;2;0;0;0m                â–„[0m[38;2;0;0;0;48;2;255;255;255mâ–€[0m[38;2;255;250;179;48;2;255;248;179mâ–€[0m[38;2;255;250;179;48;2;255;250;179mâ–€â–€â–€[0m[38;2;255;250;179;48;2;202;179;147mâ–€[0m[38;2;205;178;147;48;2;202;179;147mâ–€[0m[38;2;0;0;0;48;2;255;250;179mâ–€[0m[38;2;0;0;0;48;2;254;249;179mâ–€[0m[38;2;255;250;179;48;2;254;249;179mâ–€[0m[38;2;255;255;197;48;2;254;249;179mâ–€[0m[38;2;169;169;131;48;2;254;249;179mâ–€[0m[38;2;0;0;0;48;2;255;250;205mâ–€[0m[38;2;0;0;0mâ–„             [0m                                                                            [0m
[0m[38;2;0;0;0m              â–„[0m[38;2;0;0;0;48;2;255;250;179mâ–€[0m[38;2;255;255;255;48;2;255;250;179mâ–€[0m[38;2;255;255;255;48;2;255;255;246mâ–€â–€[0m[38;2;255;250;179;48;2;68;62;65mâ–€[0m[38;2;65;64;65;48;2;205;178;147mâ–€[0m[38;2;202;179;147;48;2;65;64;65mâ–€[0m[38;2;202;179;147;48;2;255;246;179mâ–€[0m[38;2;255;250;179;48;2;65;64;65mâ–€â–€[0m[38;2;254;249;179;48;2;255;250;179mâ–€â–€[0m[38;2;254;249;179;48;2;255;248;179mâ–€â–€[0m[38;2;255;250;205;48;2;255;255;255mâ–€â–€[0m[38;2;0;0;0;48;2;255;250;222mâ–€[0m[38;2;0;0;0mâ–„           [0m                                                                            [0m
[0m[38;2;0;0;0m            â–„[0m[38;2;0;0;0;48;2;255;246;179mâ–€[0m[38;2;255;250;179;48;2;197;179;147mâ–€[0m[38;2;202;179;147;48;2;255;250;179mâ–€[0m                                                                                                        [0m
                                                                                                                        [0m
                                                                                                                        [0m
                                                                                                                        [0m
                                                                                                                        [0m
                                                                                                                        [0m
                                                                                                                        [0m
                                                                                                                        [0m
                                                                                                                        [0m
                                                                                                                        [0m
                                                                                                                        [0m
                                                                                                                        [0m
                                                                                                                        [0m
                                                                                                                        [0m
                                                                                                                        [0m
                                                                                                                        [0m
                                                                                                                        [0m
                                                                                                                        [0m
                                                                                                                        [0m
                                                                                                                        [0m