jynx                                                                                                                    [0m
                  [38;2;0;0;0mâ–„â–„[38;2;0;0;0;48;2;255;250;179mâ–€[0m[38;2;0;0;0;48;2;255;250;179mâ–€[0m[38;2;0;0;0mâ–„â–„  â–„â–„â–„               [0m                                                                            [0m
[0m[38;2;0;0;0m                â–„[0m[38;2;0;0;0;48;2;255;255;255mâ–€[0m[38;2;255;250;179;48;2;255;248;179mâ–€[0m[38;2;255;250;179;48;2;255;250;179mâ–€â–€â–€[0m[38;2;255;250;179;48;2;202;179;147mâ–€[0m[38;2;205;178;147;48;2;202;179;147mâ–€[0m[38;2;0;0;0;48;2;255;250;179mâ–€[0m[38;2;0;0;0;48;2;254;249;179mâ–€[0m[38;2;255;250;179;48;2;254;249;179mâ–€[0m[38;2;255;255;197;48;2;254;249;179mâ–€[0m[38;2;169;169;131;48;2;254;249;179mâ–€[0m[38;2;0;0;0;48;2;255;250;205mâ–€[0m[38;2;0;0;0mâ–„             [0m                                                                            [0m
[0m[38;2;0;0;0m              â–„[0m[38;2;0;0;0;48;2;255;250;179mâ–€[0m[38;2;255;255;255;48;2;255;250;179mâ–€[0m[38;2;255;255;255;48;2;255;255;246mâ–€â–€[0m[38;2;255;250;179;48;2;68;62;65mâ–€[0m[38;2;65;64;65;48;2;205;178;147mâ–€[0m[38;2;202;179;147;48;2;65;64;65mâ–€[0m[38;2;202;179;147;48;2;255;246;179mâ–€[0m[38;2;255;250;179;48;2;65;64;65mâ–€â–€[0m[38;2;254;249;179;48;2;255;250;179mâ–€â–€[0m[38;2;254;249;179;48;2;255;248;179mâ–€â–€[0m[38;2;255;250;205;48;2;255;255;255mâ–€â–€[0m[38;2;0;0;0;48;2;255;250;222mâ–€[0m[38;2;0;0;0mâ–„           [0m                                                                            [0m
[0m[38;2;0;0;0m            â–„[0m[38;2;0;0;0;48;2;255;246;179mâ–€[0m[38;2;255;250;179;48;2;197;179;147mâ–€[0m[38;2;202;179;147;48;2;255;250;179mâ–€[0m[38;2;255;250;179;48;2;255;250;179mâ–€[0m[38;2;219;211;200;48;2;145;107;131mâ–€[0m[38;2;147;125;105;48;2;200;179;147mâ–€[0m[38;2;205;178;147;48;2;205;165;179mâ–€[0m[38;2;137;120;105;48;2;152;101;152mâ–€[0m[38;2;191;186;142;48;2;150;101;153mâ–€[0m[38;2;65;64;65;48;2;150;101;153mâ–€[0m[38;2;205;178;147;48;2;201;179;147mâ–€[0m[38;2;205;178;147;48;2;147;105;139mâ–€[0m[38;2;65;64;65;48;2;65;64;65mâ–€[0m[38;2;255;250;179;48;2;255;246;179mâ–€[0m[38;2;255;255;255;48;2;255;248;179mâ–€[0m[38;2;255;255;255;48;2;255;255;255mâ–€[0m[38;2;255;255;255;48;2;255;250;179mâ–€â–€[0m[38;2;255;250;222;48;2;254;249;179mâ–€[0m[38;2;0;0;0;48;2;254;249;179mâ–€[0m[38;2;0;0;0mâ–„          [0m                                                                            [0m
[0m[38;2;0;0;0m           â–„[0m[38;2;0;0;0;48;2;205;178;156mâ–€[0m[38;2;139;113;115;48;2;139;116;115mâ–€[0m[38;2;255;246;179;48;2;255;250;179mâ–€[0m[38;2;255;250;179;48;2;255;242;197mâ–€[0m[38;2;65;64;65;48;2;73;56;73mâ–€[0m[38;2;200;179;147;48;2;131;125;131mâ–€[0m[38;2;145;107;131;48;2;255;250;255mâ–€[0m[38;2;152;101;152;48;2;255;194;230mâ–€[0m[38;2;205;165;179;48;2;208;149;211mâ–€[0m[38;2;205;149;213;48;2;208;149;211mâ–€â–€[0m[38;2;147;105;139;48;2;213;145;213mâ–€â–€[0m[38;2;191;186;142;48;2;139;105;139mâ–€[0m[38;2;65;64;65;48;2;65;64;65mâ–€[0m[38;2;255;248;179;48;2;254;249;179mâ–€â–€[0m[38;2;202;179;147;48;2;255;250;179mâ–€[0m[38;2;255;250;179;48;2;202;179;147mâ–€[0m[38;2;254;249;179;48;2;254;249;179mâ–€â–€[0m[38;2;0;0;0;48;2;255;250;179mâ–€[0m[38;2;0;0;0mâ–„         [0m                                                                            [0m
[0m[38;2;0;0;0m   â–„[0m[38;2;0;0;0;48;2;205;149;213mâ–€[0m[38;2;0;0;0;48;2;142;99;142mâ–€[0m[38;2;0;0;0mâ–„   â–„[0m[38;2;0;0;0;48;2;205;179;147mâ–€[0m[38;2;137;118;104;48;2;139;113;115mâ–€[0m[38;2;255;250;179;48;2;254;249;179mâ–€â–€[0m[38;2;73;56;73;48;2;65;64;65mâ–€[0m[38;2;134;118;115;48;2;205;149;213mâ–€[0m[38;2;255;250;255;48;2;209;149;213mâ–€[0m[38;2;8;0;8;48;2;255;255;255mâ–€[0m[38;2;208;149;211;48;2;205;149;213mâ–€â–€[0m[38;2;208;149;211;48;2;205;161;205mâ–€[0m[38;2;255;194;230;48;2;255;238;255mâ–€[0m[38;2;255;250;255;48;2;0;0;0mâ–€[0m[38;2;234;198;234;48;2;255;234;246mâ–€[0m[38;2;213;145;213;48;2;208;149;213mâ–€[0m[38;2;65;64;65;48;2;208;149;213mâ–€[0m[38;2;254;249;179;48;2;65;64;65mâ–€[0m[38;2;254;249;179;48;2;255;250;179mâ–€[0m[38;2;255;250;179;48;2;254;249;179mâ–€[0m[38;2;202;179;147;48;2;254;249;179mâ–€[0m[38;2;254;249;179;48;2;202;179;147mâ–€[0m[38;2;254;249;179;48;2;255;250;179mâ–€[0m[38;2;255;250;179;48;2;255;250;189mâ–€[0m[38;2;0;0;0;48;2;8;4;8mâ–€[0m         [0m                                                                            [0m
[0m [0m[38;2;0;0;0mâ–„â–„[0m[38;2;0;0;0;48;2;65;64;65mâ–€[0m[38;2;205;149;213;48;2;152;99;152mâ–€[0m[38;2;213;149;213;48;2;205;149;213mâ–€[0m[38;2;0;0;0;48;2;150;101;153mâ–€[0m[38;2;0;0;0mâ–„ [0m[38;2;0;4;8mâ–„[0m[38;2;0;0;0;48;2;205;182;147mâ–€[0m[38;2;205;179;147;48;2;139;116;115mâ–€[0m[38;2;139;113;115;48;2;255;250;179mâ–€[0m[38;2;254;249;179;48;2;255;250;179mâ–€[0m[38;2;254;249;179;48;2;65;64;65mâ–€[0m[38;2;65;64;65;48;2;128;75;109mâ–€[0m[38;2;205;149;213;48;2;150;97;153mâ–€[0m[38;2;209;149;213;48;2;213;149;194mâ–€[0m[38;2;209;149;213;48;2;147;101;156mâ–€[0m[38;2;150;101;153;48;2;255;246;255mâ–€[0m[38;2;150;101;153;48;2;194;186;191mâ–€[0m[38;2;156;85;156;48;2;255;174;197mâ–€[0m[38;2;205;161;205;48;2;156;97;147mâ–€[0m[38;2;255;234;246;48;2;147;101;156mâ–€[0m[38;2;255;234;246;48;2;213;149;194mâ–€[0m[38;2;208;149;213;48;2;208;149;213mâ–€â–€[0m[38;2;65;64;65;48;2;65;64;65mâ–€[0m[38;2;255;250;179;48;2;255;250;179mâ–€[0m[38;2;254;249;179;48;2;254;249;179mâ–€â–€[0m[38;2;202;179;147;48;2;202;179;147mâ–€[0m[38;2;255;250;179;48;2;255;250;179mâ–€[0m[38;2;255;250;189;48;2;139;113;115mâ–€[0m[38;2;172;168;128;48;2;205;179;147mâ–€[0m[38;2;0;0;0;48;2;0;0;0mâ–€[0m    [0m[38;2;0;0;0mâ–„â–„  [0m                                                                            [0m
[0m[38;2;0;0;0;48;2;0;0;0mâ–€[0m                                                                                                                       [0m
                                                                                                                        [0m
                                                                                                                        [0m
                                                                                                                        [0m
                                                                                                                        [0m
                                                                                                                        [0m
                                                                                                                        [0m
                                                                                                                        [0m
                                                                                                                        [0m
                                                                                                                        [0m
                                                                                                                        [0m
                                                                                                                        [0m
                                                                                                                        [0m
                                                                                                                        [0m
                                                                                                                        [0m
                                                                                                                        [0m