jynx                                                                                                                    [0m
                  [38;2;0;0;0mâ–„â–„[38;2;0;0;0;48;2;255;250;179mâ–€[0m[38;2;0;0;0;48;2;255;250;179mâ–€[0m[38;2;0;0;0mâ–„â–„  â–„â–„â–„               [0m                                                                            [0m
[0m[38;2;0;0;0m                â–„[0m[38;2;0;0;0;48;2;255;255;255mâ–€[0m[38;2;255;250;179;48;2;255;248;179mâ–€[0m[38;2;255;250;179;48;2;255;250;179mâ–€â–€â–€[0m[38;2;255;250;179;48;2;202;179;147mâ–€[0m[38;2;205;178;147;48;2;202;179;147mâ–€[0m[38;2;0;0;0;48;2;255;250;179mâ–€[0m[38;2;0;0;0;48;2;254;249;179mâ–€[0m[38;2;255;250;179;48;2;254;249;179mâ–€[0m[38;2;255;255;197;48;2;254;249;179mâ–€[0m[38;2;169;169;131;48;2;254;249;179mâ–€[0m[38;2;0;0;0;48;2;255;250;205mâ–€[0m[38;2;0;0;0mâ–„             [0m                                                                            [0m
[0m[38;2;0;0;0m              â–„[0m[38;2;0;0;0;48;2;255;250;179mâ–€[0m[38;2;255;255;255;48;2;255;250;179mâ–€[0m[38;2;255;255;255;48;2;255;255;246mâ–€â–€[0m[38;2;255;250;179;48;2;68;62;65mâ–€[0m[38;2;65;64;65;48;2;205;178;147mâ–€[0m[38;2;202;179;147;48;2;65;64;65mâ–€[0m[38;2;202;179;147;48;2;255;246;179mâ–€[0m[38;2;255;250;179;48;2;65;64;65mâ–€â–€[0m[38;2;254;249;179;48;2;255;250;179mâ–€â–€[0m[38;2;254;249;179;48;2;255;248;179mâ–€â–€[0m[38;2;255;250;205;48;2;255;255;255mâ–€â–€[0m[38;2;0;0;0;48;2;255;250;222mâ–€[0m[38;2;0;0;0mâ–„           [0m                                                                            [0m
[0m[38;2;0;0;0m            â–„[0m[38;2;0;0;0;48;2;255;246;179mâ–€[0m[38;2;255;250;179;48;2;197;179;147mâ–€[0m[38;2;202;179;147;48;2;255;250;179mâ–€[0m[38;2;255;250;179;48;2;255;250;179mâ–€[0m[38;2;219;211;200;48;2;145;107;131mâ–€[0m[38;2;147;125;105;48;2;200;179;147mâ–€[0m[38;2;205;178;147;48;2;205;165;179mâ–€[0m[38;2;137;120;105;48;2;152;101;152mâ–€[0m[38;2;191;186;142;48;2;150;101;153mâ–€[0m[38;2;65;64;65;48;2;150;101;153mâ–€[0m[38;2;205;178;147;48;2;201;179;147mâ–€[0m[38;2;205;178;147;48;2;147;105;139mâ–€[0m[38;2;65;64;65;48;2;65;64;65mâ–€[0m[38;2;255;250;179;48;2;255;246;179mâ–€[0m[38;2;255;255;255;48;2;255;248;179mâ–€[0m[38;2;255;255;255;48;2;255;255;255mâ–€[0m[38;2;255;255;255;48;2;255;250;179mâ–€â–€[0m[38;2;255;250;222;48;2;254;249;179mâ–€[0m[38;2;0;0;0;48;2;254;249;179mâ–€[0m[38;2;0;0;0mâ–„          [0m                                                                            [0m
[0m[38;2;0;0;0m           â–„[0m[38;2;0;0;0;48;2;205;178;156mâ–€[0m[38;2;139;113;115;48;2;139;116;115mâ–€[0m[38;2;255;246;179;48;2;255;250;179mâ–€[0m[38;2;255;250;179;48;2;255;242;197mâ–€[0m[38;2;65;64;65;48;2;73;56;73mâ–€[0m[38;2;200;179;147;48;2;131;125;131mâ–€[0m[38;2;145;107;131;48;2;255;250;255mâ–€[0m[38;2;152;101;152;48;2;255;194;230mâ–€[0m[38;2;205;165;179;48;2;208;149;211mâ–€[0m[38;2;205;149;213;48;2;208;149;211mâ–€â–€[0m[38;2;147;105;139;48;2;213;145;213mâ–€â–€[0m[38;2;191;186;142;48;2;139;105;139mâ–€[0m[38;2;65;64;65;48;2;65;64;65mâ–€[0m[38;2;255;248;179;48;2;254;249;179mâ–€â–€[0m[38;2;202;179;147;48;2;255;250;179mâ–€[0m[38;2;255;250;179;48;2;202;179;147mâ–€[0m[38;2;254;249;179;48;2;254;249;179mâ–€â–€[0m[38;2;0;0;0;48;2;255;250;179mâ–€[0m[38;2;0;0;0mâ–„         [0m                                                                            [0m
[0m[38;2;0;0;0m   â–„[0m[38;2;0;0;0;48;2;205;149;213mâ–€[0m[38;2;0;0;0;48;2;142;99;142mâ–€[0m[38;2;0;0;0mâ–„   â–„[0m[38;2;0;0;0;48;2;205;179;147mâ–€[0m[38;2;137;118;104;48;2;139;113;115mâ–€[0m[38;2;255;250;179;48;2;254;249;179mâ–€â–€[0m[38;2;73;56;73;48;2;65;64;65mâ–€[0m[38;2;134;118;115;48;2;205;149;213mâ–€[0m[38;2;255;250;255;48;2;209;149;213mâ–€[0m[38;2;8;0;8;48;2;255;255;255mâ–€[0m[38;2;208;149;211;48;2;205;149;213mâ–€â–€[0m[38;2;208;149;211;48;2;205;161;205mâ–€[0m[38;2;255;194;230;48;2;255;238;255mâ–€[0m[38;2;255;250;255;48;2;0;0;0mâ–€[0m[38;2;234;198;234;48;2;255;234;246mâ–€[0m[38;2;213;145;213;48;2;208;149;213mâ–€[0m[38;2;65;64;65;48;2;208;149;213mâ–€[0m[38;2;254;249;179;48;2;65;64;65mâ–€[0m[38;2;254;249;179;48;2;255;250;179mâ–€[0m[38;2;255;250;179;48;2;254;249;179mâ–€[0m[38;2;202;179;147;48;2;254;249;179mâ–€[0m[38;2;254;249;179;48;2;202;179;147mâ–€[0m[38;2;254;249;179;48;2;255;250;179mâ–€[0m[38;2;255;250;179;48;2;255;250;189mâ–€[0m[38;2;0;0;0;48;2;8;4;8mâ–€[0m         [0m                                                                            [0m
[0m [0m[38;2;0;0;0mâ–„â–„[0m[38;2;0;0;0;48;2;65;64;65mâ–€[0m[38;2;205;149;213;48;2;152;99;152mâ–€[0m[38;2;213;149;213;48;2;205;149;213mâ–€[0m[38;2;0;0;0;48;2;150;101;153mâ–€[0m[38;2;0;0;0mâ–„ [0m[38;2;0;4;8mâ–„[0m[38;2;0;0;0;48;2;205;182;147mâ–€[0m[38;2;205;179;147;48;2;139;116;115mâ–€[0m[38;2;139;113;115;48;2;255;250;179mâ–€[0m[38;2;254;249;179;48;2;255;250;179mâ–€[0m[38;2;254;249;179;48;2;65;64;65mâ–€[0m[38;2;65;64;65;48;2;128;75;109mâ–€[0m[38;2;205;149;213;48;2;150;97;153mâ–€[0m[38;2;209;149;213;48;2;213;149;194mâ–€[0m[38;2;209;149;213;48;2;147;101;156mâ–€[0m[38;2;150;101;153;48;2;255;246;255mâ–€[0m[38;2;150;101;153;48;2;194;186;191mâ–€[0m[38;2;156;85;156;48;2;255;174;197mâ–€[0m[38;2;205;161;205;48;2;156;97;147mâ–€[0m[38;2;255;234;246;48;2;147;101;156mâ–€[0m[38;2;255;234;246;48;2;213;149;194mâ–€[0m[38;2;208;149;213;48;2;208;149;213mâ–€â–€[0m[38;2;65;64;65;48;2;65;64;65mâ–€[0m[38;2;255;250;179;48;2;255;250;179mâ–€[0m[38;2;254;249;179;48;2;254;249;179mâ–€â–€[0m[38;2;202;179;147;48;2;202;179;147mâ–€[0m[38;2;255;250;179;48;2;255;250;179mâ–€[0m[38;2;255;250;189;48;2;139;113;115mâ–€[0m[38;2;172;168;128;48;2;205;179;147mâ–€[0m[38;2;0;0;0;48;2;0;0;0mâ–€[0m    [0m[38;2;0;0;0mâ–„â–„  [0m                                                                            [0m
[0m[38;2;0;0;0;48;2;0;0;0mâ–€[0m[38;2;205;149;213;48;2;68;52;71mâ–€[0m[38;2;205;149;213;48;2;205;153;213mâ–€[0m[38;2;152;99;152;48;2;213;145;222mâ–€[0m[38;2;65;64;65;48;2;143;103;147mâ–€[0m[38;2;150;101;153;48;2;152;99;152mâ–€â–€[0m[38;2;147;101;147;48;2;150;101;153mâ–€[0m[38;2;0;0;0;48;2;150;101;153mâ–€[0m[38;2;68;63;54;48;2;65;64;65mâ–€[0m[38;2;205;182;147;48;2;205;178;147mâ–€[0m[38;2;139;116;115;48;2;139;113;115mâ–€[0m[38;2;255;250;179;48;2;205;179;147mâ–€[0m[38;2;255;250;179;48;2;255;246;179mâ–€[0m[38;2;65;64;65;48;2;65;64;65mâ–€[0m[38;2;128;75;109;48;2;205;178;147mâ–€[0m[38;2;150;97;153;48;2;117;94;97mâ–€[0m[38;2;147;101;156;48;2;156;99;153mâ–€[0m[38;2;246;174;213;48;2;115;81;109mâ–€[0m[38;2;73;64;65;48;2;246;137;163mâ–€[0m[38;2;73;64;65;48;2;65;60;73mâ–€[0m[38;2;222;147;179;48;2;65;60;73mâ–€[0m[38;2;255;174;197;48;2;246;137;163mâ–€[0m[38;2;246;174;213;48;2;131;76;105mâ–€[0m[38;2;147;101;156;48;2;152;99;152mâ–€[0m[38;2;208;149;213;48;2;150;99;150mâ–€[0m[38;2;147;101;147;48;2;150;99;150mâ–€[0m[38;2;65;64;65;48;2;65;64;65mâ–€[0m[38;2;255;250;179;48;2;255;250;179mâ–€[0m[38;2;254;249;179;48;2;255;250;179mâ–€â–€[0m[38;2;202;179;147;48;2;197;179;147mâ–€[0m[38;2;255;250;179;48;2;255;246;179mâ–€[0m[38;2;139;113;115;48;2;139;115;111mâ–€[0m[38;2;205;179;147;48;2;65;64;65mâ–€[0m[38;2;65;64;65;48;2;208;149;213mâ–€[0m[38;2;0;0;0;48;2;147;101;147mâ–€[0m[38;2;0;0;0mâ–„ [0m[38;2;0;0;0;48;2;0;0;0mâ–€[0m[38;2;147;101;147;48;2;213;149;213mâ–€[0m[38;2;205;149;213;48;2;205;149;213mâ–€[0m[38;2;0;0;0;48;2;0;0;0mâ–€[0m [0m                                                                            [0m
[0m [0m[38;2;0;4;0mâ–€â–€[0m[38;2;73;60;73;48;2;0;0;0mâ–€[0m[38;2;143;103;147;48;2;147;101;147mâ–€[0m[38;2;152;99;152;48;2;68;55;71mâ–€[0m[38;2;65;64;65;48;2;205;149;213mâ–€[0m[38;2;205;149;213;48;2;213;145;222mâ–€[0m[38;2;150;101;153;48;2;143;103;147mâ–€[0m[38;2;65;64;65;48;2;65;64;65mâ–€[0m[38;2;205;178;147;48;2;65;64;65mâ–€[0m[38;2;139;113;115;48;2;139;113;115mâ–€[0m[38;2;205;179;147;48;2;205;179;147mâ–€[0m[38;2;191;186;142;48;2;205;178;147mâ–€[0m[38;2;65;64;65;48;2;65;64;65mâ–€[0m[38;2;205;178;147;48;2;81;48;73mâ–€[0m[38;2;73;52;73;48;2;255;210;115mâ–€[0m[38;2;73;64;65;48;2;255;210;115mâ–€[0m[38;2;156;99;153;48;2;81;48;73mâ–€[0m[38;2;126;86;104;48;2;156;93;147mâ–€[0m[38;2;246;137;163;48;2;126;83;120mâ–€[0m[38;2;246;137;163;48;2;65;64;65mâ–€[0m[38;2;126;86;104;48;2;65;64;65mâ–€[0m[38;2;152;99;152;48;2;65;64;65mâ–€â–€[0m[38;2;150;99;150;48;2;152;99;152mâ–€â–€[0m[38;2;65;64;65;48;2;65;64;65mâ–€[0m[38;2;255;250;179;48;2;205;178;147mâ–€[0m[38;2;202;179;147;48;2;205;179;147mâ–€[0m[38;2;255;250;179;48;2;205;179;147mâ–€[0m[38;2;139;113;115;48;2;139;113;115mâ–€[0m[38;2;197;179;147;48;2;205;179;147mâ–€[0m[38;2;139;115;111;48;2;139;113;115mâ–€[0m[38;2;65;64;65;48;2;205;179;147mâ–€[0m[38;2;208;149;213;48;2;65;64;65mâ–€[0m[38;2;208;149;213;48;2;213;145;213mâ–€[0m[38;2;65;64;65;48;2;150;99;150mâ–€[0m[38;2;0;0;0;48;2;150;99;150mâ–€[0m[38;2;142;99;142;48;2;150;101;153mâ–€[0m[38;2;213;149;213;48;2;150;101;153mâ–€[0m[38;2;0;0;0;48;2;68;56;71mâ–€[0m[38;2;0;8;0mâ–„ [0m                                                                            [0m
[0m[38;2;0;8;0m    [0m[38;2;0;0;0mâ–€[0m[38;2;0;8;0mâ–€[0m[38;2;205;149;213;48;2;0;0;0mâ–€[0m[38;2;143;103;147;48;2;94;93;89mâ–€[0m[38;2;73;60;73;48;2;189;186;179mâ–€[0m[38;2;197;194;189;48;2;197;194;189mâ–€[0m[38;2;65;64;65;48;2;197;194;189mâ–€[0m[38;2;205;179;147;48;2;65;64;65mâ–€[0m[38;2;139;113;115;48;2;139;115;111mâ–€[0m[38;2;205;178;147;48;2;205;178;147mâ–€[0m[38;2;65;64;65;48;2;65;64;65mâ–€[0m[38;2;255;210;115;48;2;197;93;105mâ–€[0m[38;2;168;129;94;48;2;197;93;105mâ–€â–€[0m[38;2;255;210;115;48;2;197;93;105mâ–€[0m[38;2;65;64;65;48;2;246;218;105mâ–€â–€[0m[38;2;246;218;105;48;2;197;95;102mâ–€â–€[0m[38;2;246;218;105;48;2;219;97;89mâ–€[0m[38;2;246;218;105;48;2;246;218;105mâ–€[0m[38;2;65;64;65;48;2;255;222;131mâ–€[0m[38;2;65;64;65;48;2;65;64;73mâ–€[0m[38;2;205;178;147;48;2;202;179;147mâ–€â–€[0m[38;2;205;179;147;48;2;205;179;147mâ–€[0m[38;2;139;113;115;48;2;139;113;115mâ–€[0m[38;2;205;179;147;48;2;202;179;147mâ–€â–€[0m[38;2;139;113;115;48;2;139;113;115mâ–€[0m[38;2;205;179;147;48;2;205;179;147mâ–€[0m[38;2;65;64;65;48;2;197;186;163mâ–€[0m[38;2;139;105;139;48;2;65;64;65mâ–€[0m[38;2;150;99;150;48;2;68;60;71mâ–€[0m[38;2;150;99;150;48;2;137;121;134mâ–€[0m[38;2;150;101;153;48;2;147;101;147mâ–€[0m[38;2;205;149;213;48;2;0;0;0mâ–€[0m[38;2;205;153;213;48;2;205;149;213mâ–€[0m[38;2;68;56;71;48;2;205;149;213mâ–€[0m[38;2;0;0;0;48;2;0;0;0mâ–€[0m                                                                            [0m
[0m        [0m[38;2;0;0;0;48;2;0;0;0mâ–€[0m[38;2;139;139;127;48;2;205;198;189mâ–€[0m[38;2;197;194;189;48;2;137;131;126mâ–€[0m[38;2;65;64;65;48;2;197;194;189mâ–€[0m[38;2;139;115;111;48;2;0;0;0mâ–€[0m[38;2;205;178;147;48;2;205;178;147mâ–€â–€[0m[38;2;65;64;65;48;2;65;64;65mâ–€[0m[38;2;197;93;105;48;2;197;178;105mâ–€[0m[38;2;197;93;105;48;2;205;170;65mâ–€[0m[38;2;191;179;63;48;2;81;56;65mâ–€[0m[38;2;246;218;105;48;2;73;56;65mâ–€[0m[38;2;197;94;105;48;2;255;202;115mâ–€[0m[38;2;255;97;56;48;2;197;93;105mâ–€â–€[0m[38;2;219;97;89;48;2;161;130;93mâ–€[0m[38;2;219;97;89;48;2;205;170;105mâ–€[0m[38;2;191;169;112;48;2;65;64;65mâ–€[0m[38;2;65;64;73;48;2;205;178;147mâ–€[0m[38;2;202;179;147;48;2;205;178;147mâ–€â–€[0m[38;2;139;113;115;48;2;65;64;65mâ–€[0m[38;2;205;179;147;48;2;205;178;147mâ–€[0m[38;2;202;179;147;48;2;205;179;147mâ–€[0m[38;2;202;179;147;48;2;139;113;115mâ–€[0m[38;2;139;113;115;48;2;191;188;178mâ–€[0m[38;2;205;179;147;48;2;65;64;56mâ–€[0m[38;2;65;64;65;48;2;255;255;255mâ–€[0m[38;2;197;186;163;48;2;197;195;191mâ–€[0m[38;2;205;182;197;48;2;197;194;189mâ–€[0m[38;2;68;60;71;48;2;0;0;0mâ–€[0m[38;2;0;0;0mâ–€ â–€â–€ [0m                                                                            [0m
[0m[38;2;0;0;0m         â–€â–€â–€ [0m[38;2;0;0;0;48;2;0;20;32mâ–€[0m[38;2;205;178;147;48;2;81;48;46mâ–€[0m[38;2;197;178;105;48;2;205;178;147mâ–€[0m[38;2;65;64;65;48;2;65;64;65mâ–€[0m[38;2;81;56;65;48;2;197;93;105mâ–€[0m[38;2;123;94;65;48;2;159;63;73mâ–€[0m[38;2;163;129;89;48;2;197;95;102mâ–€[0m[38;2;73;56;65;48;2;197;95;102mâ–€[0m[38;2;191;179;63;48;2;65;60;65mâ–€â–€[0m[38;2;205;170;105;48;2;65;64;65mâ–€[0m[38;2;73;52;65;48;2;65;64;65mâ–€[0m[38;2;65;64;65;48;2;205;178;147mâ–€[0m[38;2;205;178;147;48;2;205;178;147mâ–€[0m[38;2;205;178;147;48;2;65;64;65mâ–€[0m[38;2;65;64;65;48;2;197;93;105mâ–€[0m[38;2;65;64;65;48;2;65;64;65mâ–€[0m[38;2;205;178;147;48;2;205;178;147mâ–€[0m[38;2;205;179;147;48;2;205;178;147mâ–€[0m[38;2;139;113;115;48;2;0;0;0mâ–€[0m[38;2;65;64;56;48;2;0;0;0mâ–€[0m[38;2;255;250;238;48;2;255;255;255mâ–€[0m[38;2;255;255;255;48;2;137;131;126mâ–€[0m[38;2;139;138;128;48;2;205;198;189mâ–€[0m[38;2;0;0;0;48;2;0;0;0mâ–€[0m      [0m                                                                            [0m
[0m          [0m[38;2;0;0;0mâ–„[0m[38;2;0;8;8mâ–„[0m[38;2;0;0;0;48;2;189;97;105mâ–€[0m[38;2;81;48;46;48;2;65;64;65mâ–€[0m[38;2;246;109;73;48;2;255;97;56mâ–€[0m[38;2;65;64;65;48;2;254;97;60mâ–€â–€[0m[38;2;197;93;105;48;2;160;64;73mâ–€[0m[38;2;159;63;73;48;2;255;97;56mâ–€[0m[38;2;255;97;56;48;2;255;97;56mâ–€[0m[38;2;197;95;102;48;2;160;64;73mâ–€[0m[38;2;153;76;87;48;2;197;95;104mâ–€[0m[38;2;197;85;97;48;2;197;95;104mâ–€[0m[38;2;65;64;65;48;2;65;64;73mâ–€[0m[38;2;205;178;147;48;2;65;64;73mâ–€[0m[38;2;137;120;105;48;2;65;68;81mâ–€[0m[38;2;68;62;65;48;2;191;89;87mâ–€[0m[38;2;197;93;105;48;2;197;93;105mâ–€[0m[38;2;65;64;65;48;2;65;64;65mâ–€[0m[38;2;205;178;147;48;2;222;157;139mâ–€[0m[38;2;205;178;147;48;2;73;60;65mâ–€[0m[38;2;0;0;0;48;2;0;0;0mâ–€[0m  [0m[38;2;0;0;0mâ–€â–€â–€       [0m                                                                            [0m
[0m[38;2;0;0;0m         â–€[0m[38;2;197;93;105;48;2;0;0;0mâ–€[0m[38;2;189;97;105;48;2;65;64;65mâ–€[0m[38;2;94;52;56;48;2;255;97;56mâ–€[0m[38;2;255;97;56;48;2;254;97;60mâ–€â–€[0m[38;2;254;97;60;48;2;255;97;56mâ–€[0m[38;2;254;97;60;48;2;160;64;73mâ–€[0m[38;2;160;64;73;48;2;254;97;60mâ–€[0m[38;2;255;97;56;48;2;254;97;60mâ–€[0m[38;2;255;97;56;48;2;255;101;73mâ–€[0m[38;2;160;64;73;48;2;156;65;79mâ–€[0m[38;2;197;95;104;48;2;197;95;104mâ–€â–€[0m[38;2;255;101;81;48;2;197;95;102mâ–€[0m[38;2;191;89;79;48;2;255;97;56mâ–€[0m[38;2;255;101;89;48;2;197;95;102mâ–€[0m[38;2;191;89;87;48;2;255;97;56mâ–€[0m[38;2;197;93;105;48;2;159;63;73mâ–€[0m[38;2;197;93;105;48;2;197;93;105mâ–€[0m[38;2;73;60;65;48;2;197;95;104mâ–€[0m[38;2;172;125;115;48;2;197;95;104mâ–€[0m[38;2;197;93;105;48;2;197;95;105mâ–€[0m[38;2;0;0;0;48;2;197;95;105mâ–€[0m[38;2;0;0;0mâ–„â–„         [0m                                                                            [0m
[0m[38;2;0;0;0m        â–„[0m[38;2;0;0;0;48;2;255;97;56mâ–€[0m[38;2;65;64;65;48;2;255;97;56mâ–€[0m[38;2;255;97;56;48;2;255;97;56mâ–€â–€[0m[38;2;254;97;60;48;2;255;97;56mâ–€â–€[0m[38;2;255;97;56;48;2;160;64;73mâ–€[0m[38;2;160;64;73;48;2;255;97;56mâ–€[0m[38;2;254;97;60;48;2;254;97;60mâ–€â–€[0m[38;2;156;65;79;48;2;156;65;79mâ–€[0m[38;2;205;83;76;48;2;205;83;76mâ–€[0m[38;2;197;95;104;48;2;197;95;104mâ–€â–€[0m[38;2;255;97;56;48;2;197;95;102mâ–€[0m[38;2;197;95;102;48;2;255;97;56mâ–€[0m[38;2;255;97;56;48;2;254;97;60mâ–€â–€[0m[38;2;159;63;73;48;2;255;97;56mâ–€[0m[38;2;197;93;105;48;2;160;64;73mâ–€[0m[38;2;197;95;104;48;2;197;95;104mâ–€â–€[0m[38;2;156;64;73;48;2;197;95;105mâ–€[0m[38;2;197;95;105;48;2;156;64;73mâ–€[0m[38;2;197;93;105;48;2;94;52;56mâ–€[0m[38;2;197;93;105;48;2;0;8;8mâ–€[0m[38;2;0;0;0mâ–€        [0m                                                                            [0m
[0m[38;2;0;0;0m         â–€â–€â–€â–€[0m[38;2;255;97;56;48;2;0;0;0mâ–€[0m                                                                                                          [0m
                                                                                                                        [0m
                                                                                                                        [0m
                                                                                                                        [0m
                                                                                                                        [0m
                                                                                                                        [0m
                                                                                                                        [0m
                                                                                                                        [0m