[0m[38;2;115;121;162;48;2;36;40;59m  1 [0m[38;2;192;202;245;48;2;40;46;65m#VT100                                                                                                              [0m
[0m[38;2;59;65;97;48;2;36;40;59m  2                                                                                                                     [0m
[0m[38;2;59;65;97;48;2;36;40;59m  3 [0m[38;2;169;177;214;48;2;36;40;59m[[0m[38;2;137;221;255;48;2;36;40;59m![0m[38;2;169;177;214;48;2;36;40;59m[[0m[38;2;26;188;156;48;2;36;40;59mGoDoc[0m[38;2;169;177;214;48;2;36;40;59m]([0m[38;2;26;188;156;48;2;36;40;59;4mhttps://godoc.org/github.com/vito/vt100?status.svg[0m[38;2;169;177;214;48;2;36;40;59m)]([0m[38;2;192;202;245;48;2;36;40;59;4mhttps://godoc.org/github.com/vito/vt100[0m[38;2;169;177;214;48;2;36;40;59m)             [0m
[0m[38;2;59;65;97;48;2;36;40;59m  4                                                                                                                     [0m
[0m[38;2;59;65;97;48;2;36;40;59m  5 [0m[38;2;192;202;245;48;2;36;40;59mThis project was based on [0m[38;2;169;177;214;48;2;36;40;59m[[0m[38;2;26;188;156;48;2;36;40;59mjaguilar/vt100[0m[38;2;169;177;214;48;2;36;40;59m]([0m[38;2;192;202;245;48;2;36;40;59;4mhttps://github.com/jaguilar/vt100[0m[38;2;169;177;214;48;2;36;40;59m)[0m                                       [0m
                                                                                                                        [0m
                                                                                                                        [0m
                                                                                                                        [0m
                                                                                                                        [0m
                                                                                                                        [0m
                                                                                                                        [0m
                                                                                                                        [0m
                                                                                                                        [0m
                                                                                                                        [0m
                                                                                                                        [0m
                                                                                                                        [0m
                                                                                                                        [0m
                                                                                                                        [0m
                                                                                                                        [0m
                                                                                                                        [0m
                                                                                                                        [0m
                                                                                                                        [0m
                                                                                                                        [0m
                                                                                                                        [0m
