[0m[38;2;59;65;97;48;2;36;40;59m    9 [0m[38;2;192;202;245;48;2;36;40;59mis all I want it for anyway.                                                                                      [0m
[0m[38;2;59;65;97;48;2;36;40;59m   10                                                                                                                   [0m
[0m[38;2;59;65;97;48;2;36;40;59m   11 [0m[38;2;192;202;245;48;2;36;40;59mHere is a screenshot of the HTML-formatted screen data:                                                           [0m
[0m[38;2;59;65;97;48;2;36;40;59m   12                                                                                                                   [0m
[0m[38;2;59;65;97;48;2;36;40;59m   13 [0m[38;2;137;221;255;48;2;36;40;59m![0m[38;2;169;177;214;48;2;36;40;59m[]([0m[38;2;192;202;245;48;2;36;40;59;4m_readme/screencap.png[0m[38;2;169;177;214;48;2;36;40;59m)                                                                                        [0m
[0m[38;2;59;65;97;48;2;36;40;59m   14                                                                                                                   [0m
[0m[38;2;59;65;97;48;2;36;40;59m   15 [0m[38;2;192;202;245;48;2;36;40;59mThe features we currently support:                                                                                [0m
[0m[38;2;59;65;97;48;2;36;40;59m   16                                                                                                                   [0m
[0m[38;2;59;65;97;48;2;36;40;59m   17 [0m[1;38;2;255;158;100;48;2;36;40;59m* [0m[38;2;192;202;245;48;2;36;40;59mCursor movement                                                                                                 [0m
[0m[38;2;59;65;97;48;2;36;40;59m   18 [0m[1;38;2;255;158;100;48;2;36;40;59m* [0m[38;2;192;202;245;48;2;36;40;59mErasing                                                                                                         [0m
[0m[38;2;59;65;97;48;2;36;40;59m  [0m[38;2;115;121;162;48;2;36;40;59m 19 [0m[1;38;2;255;158;100;48;2;36;40;59m*[0m[1;38;2;255;158;100;48;2;46;60;100m [0m[38;2;192;202;245;48;2;46;60;100mMany of the text properties -- underline, inverse, blink, etc.[0m[38;2;192;202;245;48;2;36;40;59m                                                  [0m
[0m[38;2;59;65;97;48;2;36;40;59m   20 [0m[1;38;2;255;158;100;48;2;46;60;100m* [0m[38;2;192;202;245;48;2;46;60;100mSixteen colors[0m[38;2;192;202;245;48;2;36;40;59m                                                                                                  [0m
[0m[38;2;59;65;97;48;2;36;40;59m   21 [0m[1;38;2;255;158;100;48;2;46;60;100m* [0m[38;2;192;202;245;48;2;46;60;100mCursor saving and unsaving[0m[38;2;192;202;245;48;2;36;40;59m                                                                                      [0m
[0m[38;2;59;65;97;48;2;36;40;59m   22 [0m[1;38;2;255;158;100;48;2;46;60;100m* [0m[38;2;192;202;245;48;2;46;60;100mUTF-8[0m[38;2;192;202;245;48;2;36;40;59m                                                                                                           [0m
[0m[38;2;59;65;97;48;2;36;40;59m   23 [0m[1;38;2;255;158;100;48;2;46;60;100m* [0m[38;2;192;202;245;48;2;46;60;100mScrolling[0m[38;2;192;202;245;48;2;36;40;59m                                                                                                       [0m
[0m[38;2;59;65;97;48;2;36;40;59m   24 [0m[38;2;192;202;245;48;2;46;60;100m [0m[38;2;59;65;97;48;2;36;40;59m                                                                                                                 [0m
[0m[38;2;59;65;97;48;2;36;40;59m   25 [0m[38;2;192;202;245;48;2;46;60;100mNot currently supported (and no plans to support):[0m[38;2;192;202;245;48;2;36;40;59m                                                                [0m
[0m[38;2;178;85;91;48;2;36;40;59m_ [0m[38;2;59;65;97;48;2;36;40;59m 26 [0m[38;2;192;202;245;48;2;46;60;100m [0m[38;2;59;65;97;48;2;36;40;59m                                                                                                                 [0m
[0m[38;2;59;65;97;48;2;36;40;59m   27 [0m[38;2;192;202;245;48;2;46;60;100m [0m[38;2;115;121;162;48;2;36;40;59m                                                                                                                 [0m
[0m[38;2;192;202;245;48;2;36;40;59mThe API is not stable! This is a v0 package.                                                                            [0m
[0m[38;2;36;40;59;48;2;36;40;59m~                                                                                                                       [0m
[0m[38;2;36;40;59;48;2;36;40;59m~                                                                                                                       [0m
[0m[38;2;29;32;47;48;2;187;154;247m V-LINE [0m[38;2;187;154;247;48;2;31;35;52mî‚°[0m[38;2;169;177;214;48;2;31;35;52m README.md [+]                                                          utf-8 î‚³ unix î‚³ markdown [0m[38;2;59;65;97;48;2;31;35;52mî‚²[0m[38;2;187;154;247;48;2;59;65;97m 67% î‚²[0m[38;2;29;32;47;48;2;187;154;247m  19:1  [0m
[0m[1;38;2;169;177;214;48;2;36;40;59m-- VISUAL LINE --[0m                                                                                            [0m[38;2;169;177;214;48;2;36;40;59m8 [0m         [0m
