[0m[38;2;59;65;97;48;2;36;40;59m  1 [0m[38;2;192;202;245;48;2;36;40;59m#VT100                                                                                                              [0m
[0m[38;2;59;65;97;48;2;36;40;59m  2 [0m[38;2;192;202;245;48;2;36;40;59m   [0m[38;2;59;65;97;48;2;36;40;59m                                                                                                                 [0m
[0m[38;2;59;65;97;48;2;36;40;59m  3 [0m[38;2;169;177;214;48;2;36;40;59m[[0m[38;2;137;221;255;48;2;36;40;59m![0m[38;2;169;177;214;48;2;36;40;59m[[0m[38;2;26;188;156;48;2;36;40;59mGoDoc[0m[38;2;169;177;214;48;2;36;40;59m]([0m[38;2;26;188;156;48;2;36;40;59;4mhttps://godoc.org/github.com/vito/vt100?status.svg[0m[38;2;169;177;214;48;2;36;40;59m)]([0m[38;2;192;202;245;48;2;36;40;59;4mhttps://godoc.org/github.com/vito/vt100[0m[38;2;169;177;214;48;2;36;40;59m)[0m[38;2;192;202;245;48;2;36;40;59m  [0m[38;2;169;177;214;48;2;36;40;59m           [0m
[0m[38;2;59;65;97;48;2;36;40;59m  4 [0m[38;2;192;202;245;48;2;36;40;59m   [0m[38;2;59;65;97;48;2;36;40;59m                                                                                                                 [0m
[0m[38;2;59;65;97;48;2;36;40;59m  5 [0m[38;2;192;202;245;48;2;36;40;59mThis project was based on n [0m[38;2;169;177;214;48;2;36;40;59m[[0m[38;2;26;188;156;48;2;36;40;59mjaguilar/vt100[0m[38;2;169;177;214;48;2;36;40;59m]([0m[38;2;192;202;245;48;2;36;40;59;4mhttps://github.com/jaguilar/vt100[0m[38;2;169;177;214;48;2;36;40;59m)                                     [0m
[0m[38;2;59;65;97;48;2;36;40;59m  [0m[38;2;115;121;162;48;2;36;40;59m  6 [0m[38;2;192;202;245;48;2;36;40;59m [0m[38;2;59;65;97;48;2;36;40;59m                                                                                                                 [0m
[0m[38;2;59;65;97;48;2;36;40;59m    7 [0m[38;2;192;202;245;48;2;46;60;100mThis is a vt100 screen reader. It seems to do a pretty[0m[38;2;192;202;245;48;2;36;40;59m                                                            [0m
[0m[38;2;59;65;97;48;2;36;40;59m    8 [0m[38;2;192;202;245;48;2;46;60;100mdecent job of parsing the nethack input stream, which[0m[38;2;192;202;245;48;2;36;40;59m                                                             [0m
[0m[38;2;59;65;97;48;2;36;40;59m    9 [0m[38;2;192;202;245;48;2;46;60;100mis all I want it for anyway.[0m[38;2;192;202;245;48;2;36;40;59m                                                                                      [0m
[0m[38;2;59;65;97;48;2;36;40;59m   10 [0m[38;2;192;202;245;48;2;46;60;100m [0m[38;2;59;65;97;48;2;36;40;59m                                                                                                                 [0m
[0m[38;2;59;65;97;48;2;36;40;59m   11 [0m[38;2;192;202;245;48;2;46;60;100mHere is a screenshot of the HTML-formatted screen data:[0m[38;2;192;202;245;48;2;36;40;59m                                                           [0m
[0m[38;2;59;65;97;48;2;36;40;59m   12 [0m[38;2;192;202;245;48;2;46;60;100m [0m[38;2;59;65;97;48;2;36;40;59m                                                                                                                 [0m
[0m[38;2;59;65;97;48;2;36;40;59m   13 [0m[38;2;137;221;255;48;2;46;60;100m![0m[38;2;169;177;214;48;2;46;60;100m[]([0m[38;2;192;202;245;48;2;46;60;100;4m_readme/screencap.png[0m[38;2;169;177;214;48;2;46;60;100m)[0m[38;2;169;177;214;48;2;36;40;59m                                                                                        [0m
[0m[38;2;59;65;97;48;2;36;40;59m   14 [0m[38;2;192;202;245;48;2;46;60;100m [0m[38;2;59;65;97;48;2;36;40;59m                                                                                                                 [0m
[0m[38;2;59;65;97;48;2;36;40;59m   15 [0m[38;2;192;202;245;48;2;46;60;100mThe features we currently support:[0m[38;2;192;202;245;48;2;36;40;59m                                                                                [0m
[0m[38;2;59;65;97;48;2;36;40;59m   16 [0m[38;2;192;202;245;48;2;46;60;100m [0m[38;2;59;65;97;48;2;36;40;59m                                                                                                                 [0m
[0m[38;2;59;65;97;48;2;36;40;59m   17 [0m[1;38;2;255;158;100;48;2;46;60;100m* [0m[38;2;192;202;245;48;2;46;60;100mCursor movement[0m[38;2;192;202;245;48;2;36;40;59m                                                                                                 [0m
[0m[38;2;59;65;97;48;2;36;40;59m   18 [0m[1;38;2;255;158;100;48;2;46;60;100m* [0m[38;2;192;202;245;48;2;46;60;100mErasing[0m[38;2;192;202;245;48;2;36;40;59m                                                                                                         [0m
[0m[38;2;59;65;97;48;2;36;40;59m   19 [0m[1;38;2;255;158;100;48;2;46;60;100m* [0m[38;2;192;202;245;48;2;46;60;100mMany of the text properties -- underline, inverse, blink, etc.[0m[38;2;192;202;245;48;2;36;40;59m                                                  [0m
[0m[38;2;59;65;97;48;2;36;40;59m   20 [0m[1;38;2;255;158;100;48;2;46;60;100m* [0m[38;2;192;202;245;48;2;46;60;100mSixteen colors[0m[38;2;192;202;245;48;2;36;40;59m                                                                                                  [0m
[0m[38;2;59;65;97;48;2;36;40;59m   21 [0m[1;38;2;255;158;100;48;2;46;60;100m* [0m[38;2;192;202;245;48;2;46;60;100mCursor saving and unsaving[0m[38;2;192;202;245;48;2;36;40;59m                                                                                      [0m
[0m[38;2;59;65;97;48;2;36;40;59m   22 [0m[1;38;2;255;158;100;48;2;46;60;100m* [0m[38;2;192;202;245;48;2;46;60;100mUTF-8[0m[38;2;192;202;245;48;2;36;40;59m                                                                                                           [0m
[0m[38;2;59;65;97;48;2;36;40;59m   23 [0m[1;38;2;255;158;100;48;2;46;60;100m* [0m[38;2;192;202;245;48;2;46;60;100mScrolling[0m[38;2;192;202;245;48;2;36;40;59m                                                                                          [0m[38;2;187;154;247;48;2;59;65;97m21% î‚²[0m[38;2;29;32;47;48;2;187;154;247m   6[0m[38;2;192;202;245;48;2;36;40;59m    [0m
[0m[38;2;169;177;214;48;2;36;40;59m22 fewer lines[0m                                                                                                [0m[38;2;169;177;214;48;2;36;40;59m [0m[38;2;187;154;247;48;2;59;65;97mî‚²[0m[38;2;29;32;47;48;2;187;154;247m   3[0m[38;2;59;65;97;48;2;36;40;59m    [0m
