[0m[38;2;59;65;97;48;2;36;40;59m  1 [0m[38;2;192;202;245;48;2;36;40;59m#VT100                                                                                                              [0m
[0m[38;2;59;65;97;48;2;36;40;59m  2 [0m[38;2;192;202;245;48;2;36;40;59m   [0m[38;2;59;65;97;48;2;36;40;59m                                                                                                                 [0m
[0m[38;2;59;65;97;48;2;36;40;59m  3 [0m[38;2;169;177;214;48;2;36;40;59m[[0m[38;2;137;221;255;48;2;36;40;59m![0m[38;2;169;177;214;48;2;36;40;59m[[0m[38;2;26;188;156;48;2;36;40;59mGoDoc[0m[38;2;169;177;214;48;2;36;40;59m]([0m[38;2;26;188;156;48;2;36;40;59;4mhttps://godoc.org/github.com/vito/vt100?status.svg[0m[38;2;169;177;214;48;2;36;40;59m)]([0m[38;2;192;202;245;48;2;36;40;59;4mhttps://godoc.org/github.com/vito/vt100[0m[38;2;169;177;214;48;2;36;40;59m)[0m[38;2;192;202;245;48;2;36;40;59m  [0m[38;2;169;177;214;48;2;36;40;59m           [0m
[0m[38;2;59;65;97;48;2;36;40;59m  4 [0m[38;2;192;202;245;48;2;36;40;59m   [0m[38;2;59;65;97;48;2;36;40;59m                                                                                                                 [0m
[0m[38;2;59;65;97;48;2;36;40;59m  5 [0m[38;2;192;202;245;48;2;36;40;59mThis project was based on [0m[38;2;169;177;214;48;2;36;40;59m[[0m[38;2;26;188;156;48;2;36;40;59mjaguilar/vt100[0m[38;2;169;177;214;48;2;36;40;59m]([0m[38;2;192;202;245;48;2;36;40;59;4mhttps://github.com/jaguilar/vt100[0m[38;2;169;177;214;48;2;36;40;59m)[0m[38;2;192;202;245;48;2;36;40;59m  [0m[38;2;169;177;214;48;2;36;40;59m                                     [0m
[0m[38;2;115;121;162;48;2;36;40;59m  6 [0m[38;2;192;202;245;48;2;40;46;65mThe API is not stable! This is a v0 package.                                                                        [0m
[0m[38;2;36;40;59;48;2;36;40;59m~                                                                                                                       [0m
[0m[38;2;36;40;59;48;2;36;40;59m~                                                                                                                       [0m
[0m[38;2;36;40;59;48;2;36;40;59m~                                                                                                                       [0m
[0m[38;2;36;40;59;48;2;36;40;59m~                                                                                                                       [0m
[0m[38;2;36;40;59;48;2;36;40;59m~                                                                                                                       [0m
[0m[38;2;36;40;59;48;2;36;40;59m~                                                                                                                       [0m
[0m[38;2;36;40;59;48;2;36;40;59m~                                                                                                                       [0m
[0m[38;2;36;40;59;48;2;36;40;59m~                                                                                                                       [0m
[0m[38;2;36;40;59;48;2;36;40;59m~                                                                                                                       [0m
[0m[38;2;36;40;59;48;2;36;40;59m~                                                                                                                       [0m
[0m[38;2;36;40;59;48;2;36;40;59m~                                                                                                                       [0m
[0m[38;2;36;40;59;48;2;36;40;59m~                                                                                                                       [0m
[0m[38;2;36;40;59;48;2;36;40;59m~                                                                                                                       [0m
[0m[38;2;36;40;59;48;2;36;40;59m~                                                                                                                       [0m
[0m[38;2;36;40;59;48;2;36;40;59m~                                                                                                                       [0m
[0m[38;2;36;40;59;48;2;36;40;59m~                                                                                                                       [0m
[0m[38;2;59;65;97;48;2;36;40;59m   23 [0m[1;38;2;255;158;100;48;2;46;60;100m* [0m[38;2;192;202;245;48;2;46;60;100mScrolling[0m[38;2;192;202;245;48;2;36;40;59m                                                                                          [0m[38;2;187;154;247;48;2;59;65;97m21% î‚²[0m[38;2;29;32;47;48;2;187;154;247m   6[0m[38;2;192;202;245;48;2;36;40;59m    [0m
[0m[38;2;169;177;214;48;2;36;40;59m22 fewer lines[0m                                                                                                [0m[38;2;169;177;214;48;2;36;40;59m [0m[38;2;187;154;247;48;2;59;65;97mî‚²[0m[38;2;29;32;47;48;2;187;154;247m   3[0m[38;2;59;65;97;48;2;36;40;59m    [0m
