[0m[38;2;83;108;158;48;2;36;40;59m┃ [0m[38;2;59;65;97;48;2;36;40;59m  1 [0m[1;38;2;121;162;247;48;2;36;40;59m# VT102[0m[38;2;192;202;245;48;2;36;40;59m                                                                                                           [0m
[0m[38;2;59;65;97;48;2;36;40;59m    2 [0m[38;2;192;202;245;48;2;36;40;59m                                                                                                                  [0m
[0m[38;2;83;108;158;48;2;36;40;59m⋍ [0m[38;2;59;65;97;48;2;36;40;59m  3 [0m[38;2;169;177;214;48;2;36;40;59m[[0m[38;2;137;221;255;48;2;36;40;59m![0m[38;2;169;177;214;48;2;36;40;59m[[0m[38;2;26;188;156;48;2;36;40;59mGoDoc[0m[38;2;169;177;214;48;2;36;40;59m]([0m[38;2;26;188;156;48;2;36;40;59;4mhttps://godoc.org/github.com/vito/vt102?status.svg[0m[38;2;169;177;214;48;2;36;40;59m)]([0m[38;2;192;202;245;48;2;36;40;59;4mhttps://godoc.org/github.com/vito/vt102[0m[38;2;169;177;214;48;2;36;40;59m)[0m[38;2;192;202;245;48;2;36;40;59m           [0m
[0m[38;2;59;65;97;48;2;36;40;59m    4 [0m[38;2;192;202;245;48;2;36;40;59m                                                                                                                  [0m
[0m[38;2;38;109;105;48;2;36;40;59m┃ [0m[38;2;115;121;162;48;2;36;40;59m  5 [0m[1;38;2;255;158;100;48;2;40;46;65m> [0m[38;2;192;202;245;48;2;40;46;65mBased on [tonistiigi/vt1This project was based on [0m[38;2;169;177;214;48;2;40;46;65m[[0m[38;2;26;188;156;48;2;40;46;65mjaguilar/vt100[0m[38;2;169;177;214;48;2;40;46;65m]([0m[38;2;192;202;245;48;2;40;46;65;4mhttps://github.com/jaguilar/vt100[0m[38;2;169;177;214;48;2;40;46;65m)[0m[38;2;192;202;245;48;2;40;46;65m           [0m
[0m[38;2;59;65;97;48;2;36;40;59m    6 [0m[38;2;192;202;245;48;2;36;40;59mThe API is not stable![0m[38;2;192;202;245;48;2;31;35;52m vt100 Text     [0m[38;2;192;202;245;48;2;36;40;59mckage.                                                                      [0m
[0m[38;2;36;40;59;48;2;36;40;59m~                           [0m[38;2;192;202;245;48;2;31;35;52m vt102 Text     [0m[38;2;36;40;59;48;2;36;40;59m                                                                            [0m
[0m[38;2;36;40;59;48;2;36;40;59m                 [0m[38;2;192;202;245;48;2;31;35;52m This  Text VT102 Text      [0m[38;2;36;40;59;48;2;36;40;59m                                                                           [0m
[0m[38;2;36;40;59;48;2;36;40;59m                                            [0m[38;2;192;202;245;48;2;31;35;52m [0m[38;2;36;40;59;48;2;36;40;59m                                                                           [0m
[0m[38;2;36;40;59;48;2;36;40;59m                            [0m[38;2;192;202;245;48;2;31;35;52m vito  Text      [0m[38;2;36;40;59;48;2;36;40;59m                                                                           [0m
[0m[38;2;36;40;59;48;2;36;40;59m~                                                                                                                       [0m
[0m[38;2;36;40;59;48;2;36;40;59m~                                                                                                                       [0m
[0m[38;2;36;40;59;48;2;36;40;59m~                                                                                                                       [0m
[0m[38;2;36;40;59;48;2;36;40;59m~                                                                                                                       [0m
[0m[38;2;36;40;59;48;2;36;40;59m~                                                                                                                       [0m
[0m[38;2;36;40;59;48;2;36;40;59m~                                                                                                                       [0m
[0m[38;2;36;40;59;48;2;36;40;59m~                                                                                                                       [0m
[0m[38;2;36;40;59;48;2;36;40;59m~                                                                                                                       [0m
[0m[38;2;36;40;59;48;2;36;40;59m~                                                                                                                       [0m
[0m[38;2;36;40;59;48;2;36;40;59m~                                                                                                                       [0m
[0m[38;2;36;40;59;48;2;36;40;59m~                                                                                                                       [0m
[0m[38;2;36;40;59;48;2;36;40;59m~                                                                                                                       [0m
[0m[38;2;29;32;47;48;2;158;206;105m INSERT [0m[38;2;158;206;105;48;2;59;65;97m[0m[38;2;83;108;158;48;2;59;65;97m ~2 [0m[38;2;178;85;91;48;2;59;65;97m-24 [0m[38;2;59;65;97;48;2;31;35;52m[0m[38;2;169;177;214;48;2;31;35;52m README.md [+]                                                 utf-8  unix  markdown [0m[38;2;59;65;97;48;2;31;35;52m[0m[38;2;158;206;105;48;2;59;65;97m 83% [0m[38;2;29;32;47;48;2;158;206;105m   5:26 [0m
[0m[1;38;2;169;177;214;48;2;36;40;59m-- INSERT --[0m[38;2;169;177;214;48;2;36;40;59m                                                                                                            [0m