[0m[38;2;83;108;158;48;2;36;40;59m┃ [0m[38;2;59;65;97;48;2;36;40;59m  1 [0m[1;38;2;121;162;247;48;2;36;40;59m# VT102[0m[38;2;192;202;245;48;2;36;40;59m                                                                                                           [0m
[0m[38;2;59;65;97;48;2;36;40;59m    2 [0m[38;2;192;202;245;48;2;36;40;59m                                                                                                                  [0m
[0m[38;2;83;108;158;48;2;36;40;59m⋍ [0m[38;2;59;65;97;48;2;36;40;59m  3 [0m[38;2;169;177;214;48;2;36;40;59m[[0m[38;2;137;221;255;48;2;36;40;59m![0m[38;2;169;177;214;48;2;36;40;59m[[0m[38;2;26;188;156;48;2;36;40;59mGoDoc[0m[38;2;169;177;214;48;2;36;40;59m]([0m[38;2;26;188;156;48;2;36;40;59;4mhttps://godoc.org/github.com/vito/vt102?status.svg[0m[38;2;169;177;214;48;2;36;40;59m)]([0m[38;2;192;202;245;48;2;36;40;59;4mhttps://godoc.org/github.com/vito/vt102[0m[38;2;169;177;214;48;2;36;40;59m)[0m[38;2;192;202;245;48;2;36;40;59m           [0m
[0m[38;2;59;65;97;48;2;36;40;59m    4 [0m[38;2;192;202;245;48;2;36;40;59m                                                                                                                  [0m
[0m[38;2;38;109;105;48;2;36;40;59m┃ [0m[38;2;115;121;162;48;2;36;40;59m  5 [0m[1;38;2;255;158;100;48;2;40;46;65m> [0m[38;2;192;202;245;48;2;40;46;65mBased on [0m[38;2;169;177;214;48;2;40;46;65m[[0m[38;2;26;188;156;48;2;40;46;65mtonistiigi/vt100[0m[38;2;169;177;214;48;2;40;46;65m][0m[38;2;192;202;245;48;2;40;46;65m which was was based on [0m[38;2;169;177;214;48;2;36;40;59m[[0m[38;2;26;188;156;48;2;36;40;59mjaguilar/vt100[0m[38;2;169;177;214;48;2;36;40;59m]([0m[38;2;192;202;245;48;2;36;40;59;4mhttps://github.com/jaguilar/vt100[0m[38;2;169;177;214;48;2;36;40;59m)[0m[38;2;192;202;245;48;2;36;40;59m.         [0m
[0m[38;2;192;202;245;48;2;31;35;52m w[0m[38;2;115;121;162;48;2;36;40;59m  6 [0m[38;2;192;202;245;48;2;36;40;59m                                                                                                                  [0m
[0m[38;2;59;65;97;48;2;36;40;59m    7 [0m[38;2;192;202;245;48;2;46;60;100mThe API is not stable! This is a v0 package.[0m[38;2;192;202;245;48;2;36;40;59m                                                                      [0m
[0m[38;2;36;40;59;48;2;36;40;59m                                         [0m[38;2;192;202;245;48;2;31;35;52m which Text     [0m[38;2;36;40;59;48;2;36;40;59m                                                               [0m
[0m[38;2;36;40;59;48;2;36;40;59m~                                                                                                                       [0m
[0m[38;2;36;40;59;48;2;36;40;59m~                                                                                                                       [0m
[0m[38;2;36;40;59;48;2;36;40;59m~                                                                                                                       [0m
[0m[38;2;36;40;59;48;2;36;40;59m~                                                                                                                       [0m
[0m[38;2;36;40;59;48;2;36;40;59m~                                                                                                                       [0m
[0m[38;2;36;40;59;48;2;36;40;59m~                                                                                                                       [0m
[0m[38;2;36;40;59;48;2;36;40;59m~                                                                                                                       [0m
[0m[38;2;36;40;59;48;2;36;40;59m~                                                                                                                       [0m
[0m[38;2;36;40;59;48;2;36;40;59m~                                                                                                                       [0m
[0m[38;2;36;40;59;48;2;36;40;59m~                                                                                                                       [0m
[0m[38;2;36;40;59;48;2;36;40;59m~                                                                                                                       [0m
[0m[38;2;36;40;59;48;2;36;40;59m~                                                                                                                       [0m
[0m[38;2;36;40;59;48;2;36;40;59m~                                                                                                                       [0m
[0m[38;2;36;40;59;48;2;36;40;59m~                                                                                                                       [0m
[0m[38;2;29;32;47;48;2;187;154;247m V-LINE [0m[38;2;187;154;247;48;2;59;65;97m[0m[38;2;83;108;158;48;2;59;65;97m ~3 [0m[38;2;178;85;91;48;2;59;65;97m-23 [0m[38;2;59;65;97;48;2;31;35;52m[0m[38;2;169;177;214;48;2;31;35;52m README.md                                                     utf-8  unix  markdown [0m[38;2;59;65;97;48;2;31;35;52m[0m[38;2;187;154;247;48;2;59;65;97m 85% [0m[38;2;29;32;47;48;2;187;154;247m   6:1  [0m
[0m[1;38;2;169;177;214;48;2;36;40;59m-- VISUAL LINE --[0m[38;2;169;177;214;48;2;36;40;59m                                                                                                       [0m