[0m[38;2;83;108;158;48;2;36;40;59m┃ [0m[38;2;59;65;97;48;2;36;40;59m  1 [0m[1;38;2;121;162;247;48;2;36;40;59m# VT102[0m[38;2;192;202;245;48;2;36;40;59m                                                                                                           [0m
[0m[38;2;59;65;97;48;2;36;40;59m    2 [0m[38;2;192;202;245;48;2;36;40;59m                                                                                                                  [0m
[0m[38;2;83;108;158;48;2;36;40;59m⋍ [0m[38;2;59;65;97;48;2;36;40;59m  3 [0m[38;2;169;177;214;48;2;36;40;59m[[0m[38;2;137;221;255;48;2;36;40;59m![0m[38;2;169;177;214;48;2;36;40;59m[[0m[38;2;26;188;156;48;2;36;40;59mGoDoc[0m[38;2;169;177;214;48;2;36;40;59m]([0m[38;2;26;188;156;48;2;36;40;59;4mhttps://godoc.org/github.com/vito/vt102?status.svg[0m[38;2;169;177;214;48;2;36;40;59m)]([0m[38;2;192;202;245;48;2;36;40;59;4mhttps://godoc.org/github.com/vito/vt102[0m[38;2;169;177;214;48;2;36;40;59m)[0m[38;2;192;202;245;48;2;36;40;59m           [0m
[0m[38;2;59;65;97;48;2;36;40;59m    4 [0m[38;2;192;202;245;48;2;36;40;59m                                                                                                                  [0m
[0m[38;2;38;109;105;48;2;36;40;59m┃ [0m[38;2;59;65;97;48;2;36;40;59m  5 [0m[1;38;2;255;158;100;48;2;36;40;59m> [0m[38;2;192;202;245;48;2;36;40;59mBased on [0m[38;2;169;177;214;48;2;36;40;59m[[0m[38;2;26;188;156;48;2;36;40;59mtonistiigi/vt100[0m[38;2;169;177;214;48;2;36;40;59m][0m[38;2;192;202;245;48;2;36;40;59m which was was based on [0m[38;2;169;177;214;48;2;36;40;59m[[0m[38;2;26;188;156;48;2;36;40;59mjaguilar/vt100[0m[38;2;169;177;214;48;2;36;40;59m]([0m[38;2;192;202;245;48;2;36;40;59;4mhttps://github.com/jaguilar/vt100[0m[38;2;169;177;214;48;2;36;40;59m)[0m[38;2;192;202;245;48;2;36;40;59m.         [0m
[0m[38;2;59;65;97;48;2;36;40;59m    6 [0m[38;2;192;202;245;48;2;36;40;59m                                                                                                                  [0m
[0m[38;2;59;65;97;48;2;36;40;59m  [0m[38;2;115;121;162;48;2;36;40;59m  7 [0m[38;2;192;202;245;48;2;40;46;65mA Go virtual terminal library. Used by [0m[38;2;169;177;214;48;2;40;46;65m[[0m[38;2;26;188;156;48;2;40;46;65mProgrock[0m[38;2;169;177;214;48;2;40;46;65m][0m[38;2;192;202;245;48;2;40;46;65m(https://github.com/vito/progr[0m[38;2;192;202;245;48;2;40;46;65;7m [0m[38;2;192;202;245;48;2;40;46;65mand Dagger.                       [0m
[0m[38;2;36;40;59;48;2;36;40;59m~                                                                              [0m[38;2;192;202;245;48;2;31;35;52m Progrock Text  [0m[38;2;36;40;59;48;2;36;40;59m                         [0m
[0m[38;2;36;40;59;48;2;36;40;59m                                                                                          [0m[38;2;192;202;245;48;2;31;35;52m [0m[38;2;36;40;59;48;2;36;40;59m                             [0m
[0m[38;2;36;40;59;48;2;36;40;59m                 [0m[38;2;192;202;245;48;2;31;35;52mT This       Text [0m[38;2;36;40;59;48;2;36;40;59m                            [0m[38;2;192;202;245;48;2;31;35;52m GoDoc  Tex[0m[38;2;36;40;59;48;2;36;40;59m                [0m[38;2;192;202;245;48;2;31;35;52m [0m[38;2;36;40;59;48;2;36;40;59m                             [0m
[0m[38;2;36;40;59;48;2;36;40;59m                [0m[38;2;192;202;245;48;2;31;35;52m Text     [0m[38;2;36;40;59;48;2;36;40;59m                                                [0m[38;2;192;202;245;48;2;31;35;52m vt102   Text    [0m[38;2;36;40;59;48;2;36;40;59m                             [0m
[0m[38;2;36;40;59;48;2;36;40;59m                                                                          [0m[38;2;192;202;245;48;2;31;35;52m VT102   Text    [0m[38;2;36;40;59;48;2;36;40;59m                             [0m
[0m[38;2;36;40;59;48;2;36;40;59m~                                                                                                                       [0m
[0m[38;2;36;40;59;48;2;36;40;59m~                                                                                                                       [0m
[0m[38;2;36;40;59;48;2;36;40;59m~                                                                                                                       [0m
[0m[38;2;36;40;59;48;2;36;40;59m~                                                                                                                       [0m
[0m[38;2;36;40;59;48;2;36;40;59m~                                                                                                                       [0m
[0m[38;2;36;40;59;48;2;36;40;59m~                                                                                                                       [0m
[0m[38;2;36;40;59;48;2;36;40;59m~                                                                                                                       [0m
[0m[38;2;36;40;59;48;2;36;40;59m~                                                                                                                       [0m
[0m[38;2;36;40;59;48;2;36;40;59m~                                                                                                                       [0m
[0m[38;2;36;40;59;48;2;36;40;59m~                                                                                                                       [0m
[0m[38;2;29;32;47;48;2;158;206;105m INSERT [0m[38;2;158;206;105;48;2;59;65;97m[0m[38;2;83;108;158;48;2;59;65;97m ~4 [0m[38;2;178;85;91;48;2;59;65;97m-23 [0m[38;2;59;65;97;48;2;31;35;52m[0m[38;2;169;177;214;48;2;31;35;52m README.md [+]                                                 utf-8  unix  markdown [0m[38;2;59;65;97;48;2;31;35;52m[0m[38;2;158;206;105;48;2;59;65;97m Bot [0m[38;2;29;32;47;48;2;158;206;105m   7:79 [0m
[0m[38;2;169;177;214;48;2;36;40;59m                                                                                                                        [0m