[0m[38;2;83;108;158;48;2;36;40;59m‚îÉ [0m[38;2;59;65;97;48;2;36;40;59m  1 [0m[1;38;2;121;162;247;48;2;36;40;59m# VT102                                                                                                           [0m
[0m[38;2;59;65;97;48;2;36;40;59m    2                                                                                                                   [0m
[0m[38;2;83;108;158;48;2;36;40;59m‚îÉ [0m[38;2;59;65;97;48;2;36;40;59m  3 [0m[38;2;169;177;214;48;2;36;40;59m[[0m[38;2;137;221;255;48;2;36;40;59m![0m[38;2;169;177;214;48;2;36;40;59m[[0m[38;2;26;188;156;48;2;36;40;59mGoDoc[0m[38;2;169;177;214;48;2;36;40;59m]([0m[38;2;26;188;156;48;2;36;40;59;4mhttps://godoc.org/github.com/vito/vt102?status.svg[0m[38;2;169;177;214;48;2;36;40;59m)]([0m[38;2;192;202;245;48;2;36;40;59;4mhttps://godoc.org/github.com/vito/vt102[0m[38;2;169;177;214;48;2;36;40;59m)           [0m
[0m[38;2;59;65;97;48;2;36;40;59m    4                                                                                                                   [0m
[0m[38;2;83;108;158;48;2;36;40;59m‚îÉ [0m[38;2;59;65;97;48;2;36;40;59m  5 [0m[1;38;2;255;158;100;48;2;36;40;59m> [0m[38;2;192;202;245;48;2;36;40;59mBased on [0m[38;2;169;177;214;48;2;36;40;59m[[0m[38;2;26;188;156;48;2;36;40;59mtonistiigi/vt100[0m[38;2;169;177;214;48;2;36;40;59m][0m[38;2;192;202;245;48;2;36;40;59m which was was based on [0m[38;2;169;177;214;48;2;36;40;59m[[0m[38;2;26;188;156;48;2;36;40;59mjaguilar/vt100[0m[38;2;169;177;214;48;2;36;40;59m]([0m[38;2;192;202;245;48;2;36;40;59;4mhttps://github.com/jaguilar/vt100[0m[38;2;169;177;214;48;2;36;40;59m)[0m[38;2;192;202;245;48;2;36;40;59m.         [0m
[0m[38;2;59;65;97;48;2;36;40;59m    6                                                                                                                   [0m
[0m[38;2;83;108;158;48;2;36;40;59m‚ãç [0m[38;2;59;65;97;48;2;36;40;59m  7 [0m[38;2;192;202;245;48;2;36;40;59mA Go virtual terminal library. Used by [0m[38;2;169;177;214;48;2;36;40;59m[[0m[38;2;26;188;156;48;2;36;40;59mProgrock[0m[38;2;169;177;214;48;2;36;40;59m][0m[38;2;192;202;245;48;2;36;40;59m and [0m[38;2;169;177;214;48;2;36;40;59m[[0m[38;2;26;188;156;48;2;36;40;59mDagger[0m[38;2;169;177;214;48;2;36;40;59m][0m[38;2;192;202;245;48;2;36;40;59m. Intended to support full blown TUI applications   [0m
[0m[38;2;59;65;97;48;2;36;40;59m      [0m[38;2;192;202;245;48;2;36;40;59mlike [0m[38;2;137;221;255;48;2;65;72;104m`[0m[38;2;121;162;247;48;2;65;72;104mvim[0m[38;2;137;221;255;48;2;65;72;104m`[0m[38;2;192;202;245;48;2;36;40;59m and [0m[38;2;137;221;255;48;2;65;72;104m`[0m[38;2;121;162;247;48;2;65;72;104mhtop[0m[38;2;137;221;255;48;2;65;72;104m`[0m[38;2;192;202;245;48;2;36;40;59m. (This README was bootstrapped in [0m[38;2;137;221;255;48;2;65;72;104m`[0m[38;2;121;162;247;48;2;65;72;104mvim[0m[38;2;137;221;255;48;2;65;72;104m`[0m[38;2;192;202;245;48;2;36;40;59m. There were many bugs.)                             [0m
[0m[38;2;59;65;97;48;2;36;40;59m    8                                                                                                                   [0m
[0m[38;2;83;108;158;48;2;36;40;59m‚îÉ [0m[38;2;115;121;162;48;2;36;40;59m  9 [0m[38;2;192;202;245;48;2;40;46;65mThere is no GUI; it's[0m [0m[38;2;192;202;245;48;2;40;46;65mjust[0m [0m[38;2;192;202;245;48;2;40;46;65man[0m [0m[38;2;192;202;245;48;2;40;46;65min-memory[0m [0m[38;2;192;202;245;48;2;40;46;65mdata structure. If you want to wrap it in a                               [0m
  [0m[38;2;59;65;97;48;2;36;40;59m 10                 [0m                                                                 [0m[38;2;192;202;245;48;2;31;35;52m and          Text [0m[38;2;59;65;97;48;2;36;40;59m              [0m
                [0m[38;2;192;202;245;48;2;36;40;59men is_ a [0m[38;2;192;202;245;48;2;31;35;52m status ap[0m[38;2;192;202;245;48;2;36;40;59mut has not[0m[38;2;192;202;245;48;2;31;35;52m Dagg support Te in-mem[0m                [0m[38;2;192;202;245;48;2;31;35;52m In applications Text [0m[38;2;192;202;245;48;2;36;40;59m              [0m
                [0m[38;2;59;65;97;48;2;36;40;59m         [0m                [0m[38;2;59;65;97;48;2;36;40;59m    [0m                       [0m[38;2;192;202;245;48;2;31;35;52m were  T which Text[0m     [0m[38;2;59;65;97;48;2;36;40;59m                            [0m
                [0m[38;2;192;202;245;48;2;36;40;59m: [0m[38;2;192;202;245;48;2;36;40;59;4mhttps://github.com/vito/progrock           [0m[38;2;192;202;245;48;2;31;35;52m support   Text were  Text[0m     [0m[38;2;192;202;245;48;2;36;40;59;4m                            [0m
[0m[38;2;83;108;158;48;2;36;40;59m‚ãç [0m[38;2;59;65;97;48;2;36;40;59m 14 [0m[38;2;26;188;156;48;2;36;40;59m[Dagger][0m[38;2;192;202;245;48;2;36;40;59m: [0m[38;2;192;202;245;48;2;36;40;59;4mhttps://github.com/dagger/dagger.                                                                       [0m
[0m[38;2;36;40;59;48;2;36;40;59m~                                                                                                                       [0m
[0m[38;2;36;40;59;48;2;36;40;59m~                                                                                                                       [0m
[0m[38;2;36;40;59;48;2;36;40;59m~                                                                                                                       [0m
[0m[38;2;36;40;59;48;2;36;40;59m~                                                                                                                       [0m
[0m[38;2;36;40;59;48;2;36;40;59m~                                                                                                                       [0m
[0m[38;2;36;40;59;48;2;36;40;59m~                                                                                                                       [0m
[0m[38;2;36;40;59;48;2;36;40;59m~                                                                                                                       [0m
[0m[38;2;29;32;47;48;2;158;206;105m INSERT [0m[38;2;158;206;105;48;2;59;65;97mÓÇ∞[0m[38;2;83;108;158;48;2;59;65;97m ~8 [0m[38;2;178;85;91;48;2;59;65;97m-16 [0m[38;2;59;65;97;48;2;31;35;52mÓÇ∞[0m[38;2;169;177;214;48;2;31;35;52m README.md [+]                                                 utf-8 ÓÇ≥ unix ÓÇ≥ markdown [0m[38;2;59;65;97;48;2;31;35;52mÓÇ≤[0m[38;2;158;206;105;48;2;59;65;97m 64% ÓÇ≤[0m[38;2;29;32;47;48;2;158;206;105m   9:85 [0m
                                                                                                             [0m[38;2;169;177;214;48;2;36;40;59m   [0m        [0m
