[0m                                                                                                                        [0m
[0m  [0m[36m  0[0m                                                                                                                   [0m
[0m                                                                                                                        [0m
[0m                                                                                                                        [0m
[0m                                                                                                                        [0m
[0m                                                                                                                        [0m
[0m                                                                                                                        [0m
[0m                                                                                                                        [0m
[0m                                                                                                                        [0m
[0m                                                                                                                        [0m
[0m                                                                                                                        [0m
[0m                                                                                                                        [0m
[0m                                                                                                                        [0m
[0m                                                                                                                        [0m
[0m                                                                                                                        [0m
[0m                                                                                                                        [0m
[0m                                                                                                                        [0m
[0m                                                                                                                        [0m
[0m                                                                                                                        [0m
[0m                                                                                                                        [0m
[0m                                                                                                                        [0m
[0m                                                                                                                        [0m
[0m                                                                                                                        [0m
[0m                                                                                                                        [0m