[0m                                                                                                                        [0m
[0m  [0m[36m  0[0m[1m[[0m[31m||||[0m                                                                                                              [0m
[0m                                                                                                                        [0m
[0m                                                                                                                        [0m
[0m                                                                                                                        [0m
[0m                                                                                                                        [0m
[0m                                                                                                                        [0m
[0m                                                                                                                        [0m
[0m                                                                                                                        [0m
[0m                                                                                                                        [0m
[0m                                                                                                                        [0m
[0m                                                                                                                        [0m
[0m                                                                                                                        [0m
[0m                                                                                                                        [0m
[0m                                                                                                                        [0m
[0m                                                                                                                        [0m
[0m                                                                                                                        [0m
[0m                                                                                                                        [0m
[0m                                                                                                                        [0m
[0m                                                                                                                        [0m
[0m                                                                                                                        [0m
[0m                                                                                                                        [0m
[0m                                                                                                                        [0m
[0m                                                                                                                        [0m