[0m                                                                                                                        [0m
[0m  [0m[36m  0[0m[1m[[0m[31m||||[0m[1;90m              14.3%[0m[1m][0m [0m[36m  4[0m[1m[[0m[32m|||||||[0m[1;90m           28.6%[0m[1m][0m [0m[36m  8[0m[1m[[0m[1;90m                    0.0%[0m[1m][0m[36m 12[0m[1m[[0m[1;90m                    0.0%[0m[1m][0m  [0m
[0m  [0m[36m  1[0m[1m[[0m[1;90m                   0.0%[0m[1m][0m [0m[36m  5[0m[1m[[0m[1;90m                   0.0%[0m[1m][0m [0m[36m  9[0m[1m[[0m[1;90m                    0.0%[0m[1m][0m[36m 13[0m[1m[[0m[1;90m                    0.0%[0m[1m][0m  [0m
[0m  [0m[36m  2[0m[1m[[0m[1;90m                   0.0%[0m[1m][0m [0m[36m  6[0m[1m[[0m[32m||||[0m[31m|||||||||||||100.0%[0m[1m][0m [0m[36m 10[0m[1m[[0m[32m|||[0m[1;90m                12.5%[0m[1m][0m[36m 14[0m[1m[[0m[1;90m                    0.0%[0m[1m][0m  [0m
[0m  [0m[36m  3[0m[1m[[0m[1;90m                   0.0%[0m[1m][0m [0m[36m  7[0m[1m[[0m[1;90m                   0.0%[0m[1m][0m [0m[36m 11[0m[1m[[0m[32m|||[0m[1;90m                12.5%[0m[1m][0m[36m 15[0m[1m[[0m[1;90m                    0.0%[0m[1m][0m  [0m
[0m  [0m[36mMem[0m[1m[[0m[32m||||||||||||||||||||||[0m[1;94m|||[0m[35m||||[0m[33m||||||||||||12.9G/[0m[1;90m31.1G[0m[1m][0m [0m[36mTasks: [0m[1;96m208[0m[1;90m, 2808 thr, 198 kthr[0m[36m; [0m[1;92m1[0m[36m running[0m                   [0m
[0m  [0m[36mSwp[0m[1m[[0m[31m||||||||[0m[33m|||[0m[1;90m                              1.04G/7.45G[0m[1m][0m [0m[36mLoad average: [0m[1m2.53 [0m[1;96m2.88 [0m[36m2.80 [0m                               [0m
[0m                                                            [0m[36mUptime: [0m[1;96m2 days, 05:53:15[0m                                    [0m
[0m                                                                                                                        [0m
[0m  [0m[32;42m[[0m[30;42mMain[0m[32;42m][0m [0m[34;44m[[0m[30;44mI/O[0m[34;44m][0m                                                                                                          [0m
[0m[30;46m    PIDâ–³[0m[30;42mUSER       PRI  NI  VIRT   RES   SHR S  CPU% MEM%   TIME+  Command                                              [0m
[0m[30;46m      1 root        20   0  164M 10812  7240 S   0.0  0.0  0:18.12 /run/current-system/systemd/lib/systemd/systemd      [0m
[0m    724 [0m[1;90mroot       [0m 20 [0m[1;90m  0 [0m[36m 132M 90[0m320 [0m[36m89[0m044 [0m[1;90mS   0.0 [0m 0.3  0:22.66 /nix/store/lhpz4ywr4dhbcxx688piqa7cv6vh15fd-systemd-2[0m
[0m    745 [0m[1;90mroot       [0m 20 [0m[1;90m  0 [0m[36m33[0m840 [0m[36m 8[0m052 [0m[36m 6[0m044 [0m[1;90mS   0.0  0.0 [0m 0:14.40 /nix/store/lhpz4ywr4dhbcxx688piqa7cv6vh15fd-systemd-2[0m
[0m   1038 [0m[1;90msystemd-oo [0m 20 [0m[1;90m  0 [0m[36m16[0m292 [0m[36m 5[0m524 [0m[36m 5[0m420 [0m[1;90mS   0.0  0.0 [0m 2:12.92 /nix/store/lhpz4ywr4dhbcxx688piqa7cv6vh15fd-systemd-2[0m
[0m   1039 [0m[1;90msystemd-ti [0m 20 [0m[1;90m  0 [0m[36m89[0m756 [0m[36m 5[0m664 [0m[36m 5[0m524 [0m[1;90mS   0.0  0.0 [0m 0:00.65 /nix/store/lhpz4ywr4dhbcxx688piqa7cv6vh15fd-systemd-2[0m
[0m   1105 [0m[1;90mmessagebus [0m 20 [0m[1;90m  0 [0m[36m15[0m028 [0m[36m 7[0m136 [0m[36m 5[0m292 [0m[1;90mS   0.0  0.0 [0m 0:15.25 /nix/store/nc3fis9947rpakhni034hm9c4dfjda79-dbus-1.14[0m
[0m   1224 [0m[1;90mroot       [0m 20 [0m[1;90m  0 [0m                                                                                             [0m
[0m                                                                                                                        [0m
[0m                                                                                                                        [0m
[0m                                                                                                                        [0m
[0m                                                                                                                        [0m
[0m                                                                                                                        [0m
[0m                                                                                                                        [0m