                                                                                                                        [0m
[0m  [0m[36m  0[0m[1m[[0m[32m|||||[0m[31m|[0m            [0m[1;90m23.7%[0m[1m][0m [0m[36m  4[0m[1m[[0m[32m||||[0m[31m|[0m[1;90m             17.9%[0m[1m][0m [0m[36m  8[0m[1m[[0m[32m|||[0m[31m|[0m               [0m[1;90m12.0%[0m[1m][0m[36m 12[0m[1m[[0m[32m|[0m[31m|[0m                  [0m[1;90m5.1%[0m[1m][0m  [0m
  [0m[36m  1[0m[1m[[0m                   [0m[1;90m0.0%[0m[1m][0m [0m[36m  5[0m[1m[[0m[1;90m [0m                  [0m[1;90m0.0%[0m[1m][0m [0m[36m  9[0m[1m[[0m[32m||[0m[31m|[0m[1;90m [0m                [0m[1;90m8.1%[0m[1m][0m[36m 13[0m[1m[[0m[32m|[0m[31m|[0m                  [0m[1;90m5.4%[0m[1m][0m  [0m
  [0m[36m  2[0m[1m[[0m[1;94m|[0m[32m||||[0m[31m|[0m            [0m[1;90m18.9%[0m[1m][0m [0m[36m  6[0m[1m[[0m[32m||||[0m[31m|[0m[1;90m             19.6%[0m[1m][0m [0m[36m 10[0m[1m[[0m[1;94m|[0m[32m||[0m[31m|[0m               [0m[1;90m10.8%[0m[1m][0m[36m 14[0m[1m[[0m[32m|[0m[31m|[0m                  [0m[1;90m4.5%[0m[1m][0m  [0m
  [0m[36m  3[0m[1m[[0m[32m|[0m                  [0m[1;90m0.9%[0m[1m][0m [0m[36m  7[0m[1m[[0m[32m|[0m                  [0m[1;90m0.9%[0m[1m][0m [0m[36m 11[0m[1m[[0m[1;94m|[0m[32m||[0m[31m|[0m               [0m[1;90m 8.9%[0m[1m][0m[36m 15[0m[1m[[0m[32m|[0m[31m|[0m                  [0m[1;90m3.5%[0m[1m][0m  [0m
  [0m[36mMem[0m[1m[[0m[32m||||||||||||||||||||||[0m[1;94m|||[0m[35m||||[0m[33m||||||||||||12.9G/[0m[1;90m31.1G[0m[1m][0m [0m[36mTasks: [0m[1;96m208[0m[1;90m, 2807 thr, 198 kthr[0m[36m; [0m[1;92m2[0m[36m running[0m                   [0m
  [0m[36mSwp[0m[1m[[0m[31m||||||||[0m[33m|||[0m                              [0m[1;90m1.04G/7.45G[0m[1m][0m [0m[36mLoad average: [0m[1m2.53 [0m[1;96m2.88 [0m[36m2.80 [0m                               [0m
                                                            [0m[36mUptime: [0m[1;96m2 days, 05:53:16[0m                                    [0m
                                                                                                                        [0m
  [0m[32;42m[[0m[30;42mMain[0m[32;42m][0m [0m[34;44m[[0m[30;44mI/O[0m[34;44m][0m                                                                                                          [0m
[0m[30;46m    PIDâ–³[0m[30;42mUSER       PRI  NI  VIRT   RES   SHR S  CPU% MEM%   TIME+  Command                                              [0m
     [0m 1 [0m[1;90mroot       [0m 20 [0m[1;90m  0 [0m[36m 164M 10[0m812 [0m[36m 7[0m240 [0m[1;90mS   0.0  0.0 [0m 0:18.12 /run/current-system/systemd/lib/systemd/systemd      [0m
[0m    724 [0m[1;90mroot       [0m 20 [0m[1;90m  0 [0m[36m 132M 90[0m320 [0m[36m89[0m044 [0m[1;90mS   0.0 [0m 0.3  0:22.66 /nix/store/lhpz4ywr4dhbcxx688piqa7cv6vh15fd-systemd-2[0m
[0m    745 [0m[1;90mroot       [0m 20 [0m[1;90m  0 [0m[36m33[0m840 [0m[36m 8[0m052 [0m[36m 6[0m044 [0m[1;90mS   0.0  0.0 [0m 0:14.40 /nix/store/lhpz4ywr4dhbcxx688piqa7cv6vh15fd-systemd-2[0m
[0m   1038 [0m[1;90msystemd-oo [0m 20 [0m[1;90m  0 [0m[36m16[0m292 [0m[36m 5[0m524 [0m[36m 5[0m420 [0m[1;90mS   0.0  0.0 [0m 2:12.92 /nix/store/lhpz4ywr4dhbcxx688piqa7cv6vh15fd-systemd-2[0m
[0m   1039 [0m[1;90msystemd-ti [0m 20 [0m[1;90m  0 [0m[36m89[0m756 [0m[36m 5[0m664 [0m[36m 5[0m524 [0m[1;90mS   0.0  0.0 [0m 0:00.65 /nix/store/lhpz4ywr4dhbcxx688piqa7cv6vh15fd-systemd-2[0m
[0m   1105 [0m[1;90mmessagebus [0m 20 [0m[1;90m  0 [0m[36m15[0m028 [0m[36m 7[0m136 [0m[36m 5[0m292 [0m[1;90mS   0.0  0.0 [0m 0:15.25 /nix/store/nc3fis9947rpakhni034hm9c4dfjda79-dbus-1.14[0m
[0m   1224 [0m[1;90mroot       [0m 20 [0m[1;90m  0 [0m[36m49[0m664 [0m[36m 6[0m672 [0m[36m 6[0m316 [0m[1;90mS   0.0  0.0 [0m 0:01.59 /nix/store/lhpz4ywr4dhbcxx688piqa7cv6vh15fd-systemd-2[0m
[0m   1251 [0m[1;90mroot       [0m 20 [0m[1;90m  0 [0m[36m 326M 18[0m816 [0m[36m14[0m840 [0m[1;90mS   0.0 [0m 0.1  0:37.01 /nix/store/yqdqzz6y6agcmrfj8b6pwqhjcjyb3ypr-networkma[0m
[0m   1317 [0m[1;90mroot       [0m 20 [0m[1;90m  0 [0m[36m10[0m568 [0m[36m 5[0m032 [0m[36m 5[0m032 [0m[1;90mS   0.0  0.0 [0m 0:00.00 sshd: /nix/store/5fvi33mm5kw2q8m33k3jcyc2pz6sp3ss-ope[0m
[0m   1323 [0m[1;90mroot       [0m 20 [0m[1;90m  0 [0m[36m11[0m672 [0m[36m 5[0m592 [0m[36m 4[0m680 [0m[1;90mS   0.0  0.0 [0m 0:00.03 /nix/store/zwhcyhiv5m2hjxmvw9ggk8fypgafjjby-shadow-4.[0m
[0m[30;46m   1434 root        20   0  9832  4616  4380 S   0.0  0.0  0:00.03 /nix/store/sqjv5b7m21kh5wqql1xfvpcqwimzv5gf-bluez-5.6[0m
   [0m1445 [0m[1;90mroot       [0m 20 [0m[1;90m  0 [0m[36m14[0m088 [0m[36m 9[0m200 [0m[36m 7[0m992 [0m[1;90mS   0.0  0.0 [0m 0:06.06 /nix/store/28fbklyfp8rmjn3dhs1d6r084b72v2ki-wpa_suppl[0m
[0mF1[0m[30;46mHelp  [0mF2[0m[30;46mSetup [0mF3[0m[30;46mSearch[0mF4[0m[30;46mFilter[0mF5[0m[30;46mTree  [0mF6[0m[30;46mSortBy[0mF7[0m[30;46mNice -[0mF8[0m[30;46mNice +[0mF9[0m[30;46mKill  [0mF10[0m[30;46mQuit                                         [0m
