                                                                                                                        [0m
[0m  [0m[36m  0[0m[1m[[0m[1;94m|[0m[32m|||||[0m[31m|[0m[1;90m    [0m       [0m[1;90m22.7%[0m[1m][0m [0m[36m  4[0m[1m[[0m[32m||||||[0m[31m|[0m[1;90m           24.5%[0m[1m][0m [0m[36m  8[0m[1m[[0m[32m|||[0m[31m|[0m[1;90m [0m              [0m[1;90m13.3%[0m[1m][0m[36m 12[0m[1m[[0m[32m|[0m[31m|[0m                  [0m[1;90m4.0%[0m[1m][0m  [0m
  [0m[36m  1[0m[1m[[0m[32m|[0m                  [0m[1;90m1.0%[0m[1m][0m [0m[36m  5[0m[1m[[0m[1;90m [0m                  [0m[1;90m0.0%[0m[1m][0m [0m[36m  9[0m[1m[[0m[32m|||[0m[31m|[0m               [0m[1;90m12.1%[0m[1m][0m[36m 13[0m[1m[[0m[32m|[0m[31m|[0m[1;90m [0m                 [0m[1;90m4.0%[0m[1m][0m  [0m
  [0m[36m  2[0m[1m[[0m[32m||||[0m[31m||[0m[1;90m [0m           [0m[1;90m20.6%[0m[1m][0m [0m[36m  6[0m[1m[[0m[32m||||[0m[31m|[0m[1;90m             18.4%[0m[1m][0m [0m[36m 10[0m[1m[[0m[32m||[0m[31m|[0m[1;90m [0m               [0m[1;90m 9.2%[0m[1m][0m[36m 14[0m[1m[[0m[1;94m|[0m[32m|[0m[31m|[0m                 [0m[1;90m4.0%[0m[1m][0m  [0m
  [0m[36m  3[0m[1m[[0m[1;90m [0m                  [0m[1;90m0.0%[0m[1m][0m [0m[36m  7[0m[1m[[0m[32m|[0m                  [0m[1;90m1.0%[0m[1m][0m [0m[36m 11[0m[1m[[0m[32m||[0m[31m|[0m[1;90m [0m               [0m[1;90m 6.1%[0m[1m][0m[36m 15[0m[1m[[0m[32m|[0m[31m|[0m[1;90m  [0m                [0m[1;90m3.1%[0m[1m][0m  [0m
  [0m[36mMem[0m[1m[[0m[32m||||||||||||||||||||||[0m[1;94m|||[0m[35m||||[0m[33m||||||||||||13.0G/[0m[1;90m31.1G[0m[1m][0m [0m[36mTasks: [0m[1;96m208[0m[1;90m, 2804 thr, 198 kthr[0m[36m; [0m[1;92m1[0m[36m running[0m                   [0m
  [0m[36mSwp[0m[1m[[0m[31m||||||||[0m[33m|||[0m                              [0m[1;90m1.04G/7.45G[0m[1m][0m [0m[36mLoad average: [0m[1m2.65 [0m[1;96m2.90 [0m[36m2.80 [0m                               [0m
                                                            [0m[36mUptime: [0m[1;96m2 days, 05:53:19[0m                                    [0m
                                                                                                                        [0m
  [0m[32;42m[[0m[30;42mMain[0m[32;42m][0m [0m[34;44m[[0m[30;44mI/O[0m[34;44m][0m                                                                                                          [0m
[0m[30;46m    PIDâ–³[0m[30;42mUSER       PRI  NI  VIRT   RES   SHR S  CPU% MEM%   TIME+  Command                                              [0m
[0m[30;46m   1039 systemd-ti  20   0 89756  5664  5524 S   0.0  0.0  0:00.65 /nix/store/lhpz4ywr4dhbcxx688piqa7cv6vh15fd-systemd-2[0m
[0m   1105 [0m[1;90mmessagebus [0m 20 [0m[1;90m  0 [0m[36m15[0m028 [0m[36m 7[0m[30;46m136  5292 S   0.0  0.0  0:15.25 /nix/store/nc3fis9947rpakhni034hm9c4dfjda79-dbus-1.14[0m
[0m   1224 [0m[1;90mroot       [0m 20 [0m[1;90m  0 [0m[36m49[0m664 [0m[36m 6[0m672 [0m[36m 6[0m316 [0m[1;90mS   0.0  0.0 [0m 0:01.59 /nix/store/lhpz4ywr4dhbcxx688piqa7cv6vh15fd-systemd-2[0m
[0m   1251 [0m[1;90mroot       [0m 20 [0m[1;90m  0 [0m[36m 326M 18[0m816 [0m[36m14[0m840 [0m[1;90mS   0.0 [0m 0.1  0:37.01 /nix/store/yqdqzz6y6agcmrfj8b6pwqhjcjyb3ypr-networkma[0m
[0m   1317 [0m[1;90mroot       [0m 20 [0m[1;90m  0 [0m[36m10[0m568 [0m[36m 5[0m032 [0m[36m 5[0m032 [0m[1;90mS   0.0  0.0 [0m 0:00.00 sshd: /nix/store/5fvi33mm5kw2q8m33k3jcyc2pz6sp3ss-ope[0m
[0m   1323 [0m[1;90mroot       [0m 20 [0m[1;90m  0 [0m[36m11[0m672 [0m[36m 5[0m592 [0m[36m 4[0m680 [0m[1;90mS   0.0  0.0 [0m 0:00.03 /nix/store/zwhcyhiv5m2hjxmvw9ggk8fypgafjjby-shadow-4.[0m
[0m   1434 [0m[1;90mroot       [0m 20 [0m[1;90m  0 [0m[36m 9[0m832 [0m[36m 4[0m616 [0m[36m 4[0m380 [0m[1;90mS   0.0  0.0 [0m 0:00.03 /nix/store/sqjv5b7m21kh5wqql1xfvpcqwimzv5gf-bluez-5.6[0m
[0m   1445 [0m[1;90mroot       [0m 20 [0m[1;90m  0 [0m[36m14[0m088 [0m[36m 9[0m200 [0m[36m 7[0m992 [0m[1;90mS   0.0  0.0 [0m 0:06.06 /nix/store/28fbklyfp8rmjn3dhs1d6r084b72v2ki-wpa_suppl[0m
[0m   1553 [0m[1;90mroot       [0m 20 [0m[1;90m  0 [0m[32m2[0m[36m797M 57[0m872 [0m[36m29[0m524 [0m[1;90mS   0.0 [0m 0.2  8:07.28 /nix/store/yjszd72jzkahwr24xrmq0xx762zfg2f6-moby-20.1[0m
[0m   1586 [0m[1;90mroot       [0m 20 [0m[1;90m  0 [0m[32m2[0m[36m336M 20[0m908 [0m[36m 7[0m664 [0m[1;90mS   0.0 [0m 0.1  8:00.78 containerd --config /var/run/docker/containerd/contai[0m
[0m   2959 [0m[1;90mpolkituser [0m 20 [0m[1;90m  0 [0m[36m 373M  8[0m912 [0m[36m 6[0m808 [0m[1;90mS   0.0  0.0 [0m 0:01.31 /nix/store/xj6rsa7s8hy99kypky57zibcm4nb77bl-polkit-12[0m
[0m   2971 vito        20 [0m[1;90m  0 [0m[36m 166M  1[0m732     0 [0m[1;90mS   0.0  0.0 [0m 0:00.00 (sd-pam)                                             [0m
[0mF1[0m[30;46mHelp  [0mF2[0m[30;46mSetup [0mF3[0m[30;46mSearch[0mF4[0m[30;46mFilter[0mF5[0m[30;46mTree  [0mF6[0m[30;46mSortBy[0mF7[0m[30;46mNice -[0mF8[0m[30;46mNice +[0mF9[0m[30;46mKill  [0mF10[0m[30;46mQuit                                         [0m
