[7m [0m                                                                                                                       [0m
                                                                                                                        [0m
                                                                                                                        [0m
                                                                                                                        [0m
                                                                                                                        [0m
                                                                                                                        [0m
                                                                                                                        [0m
                                                                                                                        [0m
                                                                                                                        [0m
                                                                                                                        [0m
                                                                                                                        [0m
                                                                                                                        [0m
                                                                                                                        [0m
                                                                                                                        [0m
                                                                                                                        [0m
                                                                                                                        [0m
                                                                                                                        [0m
                                                                                                                        [0m
                                                                                                                        [0m
                                                                                                                        [0m
                                                                                                                        [0m
                                                                                                                        [0m
                                                                                                                        [0m
                                                                                                                        [0m
