[0m                                                                                                                        [0m
[0m[1;96mmidterm[0m                                                                                                                 [0m
[0m                                                                                                                        [0m
[0m                                                                                                                        [0m
[0m                                                                                                                        [0m
[0m                                                                                                                        [0m
[0m                                                                                                                        [0m
[0m                                                                                                                        [0m
[0m                                                                                                                        [0m
[0m                                                                                                                        [0m
[0m                                                                                                                        [0m
[0m                                                                                                                        [0m
[0m                                                                                                                        [0m
[0m                                                                                                                        [0m
[0m                                                                                                                        [0m
[0m                                                                                                                        [0m
[0m                                                                                                                        [0m
[0m                                                                                                                        [0m
[0m                                                                                                                        [0m
[0m                                                                                                                        [0m
[0m                                                                                                                        [0m
[0m                                                                                                                        [0m
[0m                                                                                                                        [0m
[0m                                                                                                                        [0m