[0m                                                                                                                        [0m
[0m[1;96mmidterm[0m on [0m[1;95mÓÇ† canvas-tests[0m [0m[1;91m[$!?][0m via [0m[1;96müêπ v1.23.2 [0m                                                                          [0m
[0m[1;92m‚ùØ[0m [0m[38;2;235;111;146mecho hey[0m[38;2;235;188;186mthere[0m[38;2;224;222;243m                                                                                                         [0m
[0m                                                                                                                        [0m
[0m                                                                                                                        [0m
[0m                                                                                                                        [0m
[0m                                                                                                                        [0m
[0m                                                                                                                        [0m
[0m                                                                                                                        [0m
[0m                                                                                                                        [0m
[0m                                                                                                                        [0m
[0m                                                                                                                        [0m
[0m                                                                                                                        [0m
[0m                                                                                                                        [0m
[0m                                                                                                                        [0m
[0m                                                                                                                        [0m
[0m                                                                                                                        [0m
[0m                                                                                                                        [0m
[0m                                                                                                                        [0m
[0m                                                                                                                        [0m
[0m                                                                                                                        [0m
[0m                                                                                                                        [0m
[0m                                                                                                                        [0m
[0m                                                                                                                        [0m