[0m[1;96mmidterm[0m on [0m[1;95mÓÇ† canvas-tests[0m [0m[1;91m[$!?][0m via [0m[1;96müêπ v1.23.2 [0m                                                                          [0m
[0m[1;92m‚ùØ[0m [0m[38;2;195;167;231mecho[0m[38;2;224;222;243m [0m[38;2;235;188;186mhey[0m[38;2;224;222;243m [0m[38;2;235;188;186mthere[0m[38;2;224;222;243m                                                                                                        [0m
[0mhey there                                                                                                               [0m
[0m                                                                                                                        [0m
[0m[1;96mmidterm[0m on [0m[1;95mÓÇ† canvas-tests[0m [0m[1;91m[$!?][0m via [0m[1;96müêπ v1.23.2 [0m                                                                          [0m
[0m[1;92m‚ùØ[0m [0m[38;2;195;167;231mecho[0m[38;2;224;222;243m [0m[38;2;235;188;186mwhat[0m[38;2;224;222;243m [0m[38;2;235;188;186mis[0m[38;2;224;222;243m [0m[38;2;235;188;186mup[0m[38;2;224;222;243m                                                                                                       [0m
[0mwhat is up                                                                                                              [0m
[0m                                                                                                                        [0m
[0m[1;96mmidterm[0m on [0m[1;95mÓÇ† canvas-tests[0m [0m[1;91m[$!?][0m via [0m[1;96müêπ v1.23.2 [0m                                                                          [0m
[0m[1;92m‚ùØ[0m [0m[38;2;195;167;231mls[0m[38;2;224;222;243m                                                                                                                    [0m
[0mcanvas.go       [0m[1;94mghostest[0m/  go.work      html.go  log.go      README.md  screen.go    terminal.go                        [0m
[0mcanvas_test.go  go.mod     go.work.sum  htop2    out         render.go  Session.vim  terminal_test.go                   [0m
[0mformat.go       go.sum     handler.go   LICENSE  package.go  [0m[1;94mreplay[0m/    shell        [0m[1;94mtestdata[0m/                          [0m
[0m                                                                                                                        [0m
[0m[1;96mmidterm[0m on [0m[1;95mÓÇ† canvas-tests[0m [0m[1;91m[$!?][0m via [0m[1;96müêπ v1.23.2 [0m                                                                          [0m
[0m[1;92m‚ùØ[0m [0m[38;2;195;167;231mls[0m[38;2;224;222;243m [0m[38;2;235;188;186m-al[0m[38;2;224;222;243m                                                                                                                [0m
[0mtotal 12264                                                                                                             [0m
[0mdrwxr-xr-x  6 vito vito     4096 Oct 11 17:09 [0m[1;94m.[0m/                                                                        [0m
[0mdrwxr-xr-x 22 vito vito     4096 Oct  1 17:38 [0m[1;94m..[0m/                                                                       [0m
[0m-rw-r--r--  1 vito vito     7373 Oct 10 14:01 canvas.go                                                                 [0m
[0m-rw-r--r--  1 vito vito    21377 Oct 10 10:41 canvas_test.go                                                            [0m
[0m-rw-r--r--  1 vito vito       33 Aug 30 18:29 .envrc                                                                    [0m
[0m-rw-r--r--  1 vito vito     3364 Sep  8 16:17 format.go                                                                 [0m
[0mdrwxr-xr-x  2 vito vito     4096 Sep 27 16:45 [0m[1;94mghostest[0m                                                                  [0m