[0m-rw-r--r--  1 vito vito       12 Aug 30 18:29 .gitignore                                                                [0m
[0m-rw-r--r--  1 vito vito     1306 Oct  9 23:21 go.mod                                                                    [0m
[0m-rw-r--r--  1 vito vito     5731 Oct  9 23:21 go.sum                                                                    [0m
[0m-rw-r--r--  1 vito vito       49 Oct  1 12:34 go.work                                                                   [0m
[0m-rw-r--r--  1 vito vito      732 Oct  9 23:20 go.work.sum                                                               [0m
[0m-rw-r--r--  1 vito vito    18707 Oct 11 16:48 handler.go                                                                [0m
[0m-rw-r--r--  1 vito vito      701 Oct  9 23:21 html.go                                                                   [0m
[0m-rw-r--r--  1 vito vito    52061 Oct  5 13:59 htop2                                                                     [0m
[0m-rw-r--r--  1 vito vito     1127 Aug 30 18:29 LICENSE                                                                   [0m
[0m-rw-r--r--  1 vito vito      394 Oct 10 14:53 log.go                                                                    [0m
[0m-rw-r--r--  1 vito vito 12313745 Oct  1 12:38 out                                                                       [0m
[0m-rw-r--r--  1 vito vito      226 Aug 30 18:29 package.go                                                                [0m
[0m-rw-r--r--  1 vito vito     1996 Aug 30 18:29 README.md                                                                 [0m
[0m-rw-r--r--  1 vito vito     3556 Oct 11 16:12 render.go                                                                 [0m
[0mdrwxr-xr-x  2 vito vito     4096 Aug 30 18:29 [0m[1;94mreplay[0m/                                                                   [0m
[0m-rw-r--r--  1 vito vito     4010 Oct 11 17:04 screen.go                                                                 [0m
[0m-rw-r--r--  1 vito vito     4298 Oct  2 14:34 Session.vim                                                               [0m
[0m-rw-r--r--  1 vito vito     5395 Oct 11 17:09 shell                                                                     [0m
[0m-rw-r--r--  1 vito vito    16865 Oct 11 17:08 terminal.go                                                               [0m
[0m-rw-r--r--  1 vito vito     5844 Oct 11 17:07 terminal_test.go                                                          [0m
[0mdrwxr-xr-x  4 vito vito     4096 Sep 26 16:02 [0m[1;94mtestdata[0m/                                                                 [0m
[0m                                                                                                                        [0m
[0m[1;96mmidterm[0m on [0m[1;95mÓÇ† canvas-tests[0m [0m[1;91m[$!?][0m via [0m[1;96müêπ v1.23.2 [0m                                                                          [0m
[0m[1;92m‚ùØ[0m [0m[38;2;195;167;231mecho[0m[38;2;224;222;243m [0m[38;2;235;188;186mo[0m[38;2;224;222;243m                                                                                                                [0m