[0m-rw-r--r--  1 vito vito     5844 Oct 11 17:07 terminal_test.go                                                          [0m
[0mdrwxr-xr-x  4 vito vito     4096 Sep 26 16:02 [0m[1;94mtestdata[0m/                                                                 [0m
[0m                                                                                                                        [0m
[0m[1;96mmidterm[0m on [0m[1;95mÓÇ† canvas-tests[0m [0m[1;91m[$!?][0m via [0m[1;96müêπ v1.23.2 [0m                                                                          [0m
[0m[1;92m‚ùØ[0m [0m[38;2;195;167;231mecho[0m[38;2;224;222;243m [0m[38;2;235;188;186mok[0m[38;2;224;222;243m [0m[38;2;235;188;186mwe[0m[38;2;224;222;243m [0m[38;2;235;188;186mscrolled[0m[38;2;224;222;243m                                                                                                   [0m
[0mok we scrolled[0m[38;2;224;222;243m                                                                                                          [0m
[0m                                                                                                                        [0m
[0m[1;96mmidterm[0m on [0m[1;95mÓÇ† canvas-tests[0m [0m[1;91m[$!?][0m via [0m[1;96müêπ v1.23.2 [0m                                                                          [0m
[0m[1;92m‚ùØ[0m [0m[38;2;195;167;231mbash[0m[38;2;224;222;243m                                                                                                                  [0m
[0m[1;92mvito@F16[0m:[0m[1;94m~/src/midterm[0m$ echo $'foo\nbar\n\e[31mbaz\e[0m\b\b\b\b\b\b\b\b\b\bq'[0m[38;2;224;222;243m                                           [0m
[0mfoo                                                                                                                     [0m
[0mbar                                                                                                                     [0m
[0mq[0m[31maz[0m                                                                                                                     [0m
[0m[1;92mvito@F16[0m:[0m[1;94m~/src/midterm[0m$ echo $'foo\nbar\n\e[31mbaz\e[0m\bq'                                                             [0m
[0mfoo                                                                                                                     [0m
[0mbar                                                                                                                     [0m
[0m[31mba[0mq                                                                                                                     [0m
[0m[1;92mvito@F16[0m:[0m[1;94m~/src/midterm[0m$ echo $'foo\nbar\n\e[31mbaz\e[0m\b\bq'                                                           [0m
[0mfoo                                                                                                                     [0m
[0mbar                                                                                                                     [0m
[0m[31mb[0mq[0m[31mz[0m                                                                                                                     [0m
[0m[1;92mvito@F16[0m:[0m[1;94m~/src/midterm[0m$ exit                                                                                            [0m
[0m                                                                                                                        [0m
[0m[1;96mmidterm[0m on [0m[1;95mÓÇ† canvas-tests[0m                                                                                               [0m